Archive member included to satisfy reference by file (symbol)

C:/ST/STM32CubeIDE_1.16.0/STM32CubeIDE/plugins/com.st.stm32cube.ide.mcu.externaltools.gnu-tools-for-stm32.12.3.rel1.win32_1.0.200.202406191623/tools/bin/../lib/gcc/arm-none-eabi/12.3.1/../../../../arm-none-eabi/lib/thumb/v8-m.main+fp/hard\libstdc++_nano.a(del_ops.o)
                              ./TouchGFX/generated/fonts/src/ApplicationFontProvider.o (operator delete(void*, unsigned int))
C:/ST/STM32CubeIDE_1.16.0/STM32CubeIDE/plugins/com.st.stm32cube.ide.mcu.externaltools.gnu-tools-for-stm32.12.3.rel1.win32_1.0.200.202406191623/tools/bin/../lib/gcc/arm-none-eabi/12.3.1/../../../../arm-none-eabi/lib/thumb/v8-m.main+fp/hard\libstdc++_nano.a(guard.o)
                              ./TouchGFX/generated/fonts/src/Table_verdana_10_4bpp.o (__cxa_guard_acquire)
C:/ST/STM32CubeIDE_1.16.0/STM32CubeIDE/plugins/com.st.stm32cube.ide.mcu.externaltools.gnu-tools-for-stm32.12.3.rel1.win32_1.0.200.202406191623/tools/bin/../lib/gcc/arm-none-eabi/12.3.1/../../../../arm-none-eabi/lib/thumb/v8-m.main+fp/hard\libstdc++_nano.a(del_op.o)
                              C:/ST/STM32CubeIDE_1.16.0/STM32CubeIDE/plugins/com.st.stm32cube.ide.mcu.externaltools.gnu-tools-for-stm32.12.3.rel1.win32_1.0.200.202406191623/tools/bin/../lib/gcc/arm-none-eabi/12.3.1/../../../../arm-none-eabi/lib/thumb/v8-m.main+fp/hard\libstdc++_nano.a(del_ops.o) (operator delete(void*))
C:/ST/STM32CubeIDE_1.16.0/STM32CubeIDE/plugins/com.st.stm32cube.ide.mcu.externaltools.gnu-tools-for-stm32.12.3.rel1.win32_1.0.200.202406191623/tools/bin/../lib/gcc/arm-none-eabi/12.3.1/../../../../arm-none-eabi/lib/thumb/v8-m.main+fp/hard\libc_nano.a(libc_a-assert.o)
                              ./TouchGFX/generated/fonts/src/FontCache.o (__assert_func)
C:/ST/STM32CubeIDE_1.16.0/STM32CubeIDE/plugins/com.st.stm32cube.ide.mcu.externaltools.gnu-tools-for-stm32.12.3.rel1.win32_1.0.200.202406191623/tools/bin/../lib/gcc/arm-none-eabi/12.3.1/../../../../arm-none-eabi/lib/thumb/v8-m.main+fp/hard\libc_nano.a(libc_a-atexit.o)
                              ./TouchGFX/generated/fonts/src/Table_verdana_10_4bpp.o (atexit)
C:/ST/STM32CubeIDE_1.16.0/STM32CubeIDE/plugins/com.st.stm32cube.ide.mcu.externaltools.gnu-tools-for-stm32.12.3.rel1.win32_1.0.200.202406191623/tools/bin/../lib/gcc/arm-none-eabi/12.3.1/../../../../arm-none-eabi/lib/thumb/v8-m.main+fp/hard\libc_nano.a(libc_a-exit.o)
                              C:/ST/STM32CubeIDE_1.16.0/STM32CubeIDE/plugins/com.st.stm32cube.ide.mcu.externaltools.gnu-tools-for-stm32.12.3.rel1.win32_1.0.200.202406191623/tools/bin/../lib/gcc/arm-none-eabi/12.3.1/../../../../arm-none-eabi/lib/thumb/v8-m.main+fp/hard/crt0.o (exit)
C:/ST/STM32CubeIDE_1.16.0/STM32CubeIDE/plugins/com.st.stm32cube.ide.mcu.externaltools.gnu-tools-for-stm32.12.3.rel1.win32_1.0.200.202406191623/tools/bin/../lib/gcc/arm-none-eabi/12.3.1/../../../../arm-none-eabi/lib/thumb/v8-m.main+fp/hard\libc_nano.a(libc_a-malloc.o)
                              C:/ST/STM32CubeIDE_1.16.0/STM32CubeIDE/plugins/com.st.stm32cube.ide.mcu.externaltools.gnu-tools-for-stm32.12.3.rel1.win32_1.0.200.202406191623/tools/bin/../lib/gcc/arm-none-eabi/12.3.1/../../../../arm-none-eabi/lib/thumb/v8-m.main+fp/hard\libstdc++_nano.a(del_op.o) (free)
C:/ST/STM32CubeIDE_1.16.0/STM32CubeIDE/plugins/com.st.stm32cube.ide.mcu.externaltools.gnu-tools-for-stm32.12.3.rel1.win32_1.0.200.202406191623/tools/bin/../lib/gcc/arm-none-eabi/12.3.1/../../../../arm-none-eabi/lib/thumb/v8-m.main+fp/hard\libc_nano.a(libc_a-mallocr.o)
                              C:/ST/STM32CubeIDE_1.16.0/STM32CubeIDE/plugins/com.st.stm32cube.ide.mcu.externaltools.gnu-tools-for-stm32.12.3.rel1.win32_1.0.200.202406191623/tools/bin/../lib/gcc/arm-none-eabi/12.3.1/../../../../arm-none-eabi/lib/thumb/v8-m.main+fp/hard\libc_nano.a(libc_a-malloc.o) (_malloc_r)
C:/ST/STM32CubeIDE_1.16.0/STM32CubeIDE/plugins/com.st.stm32cube.ide.mcu.externaltools.gnu-tools-for-stm32.12.3.rel1.win32_1.0.200.202406191623/tools/bin/../lib/gcc/arm-none-eabi/12.3.1/../../../../arm-none-eabi/lib/thumb/v8-m.main+fp/hard\libc_nano.a(libc_a-mlock.o)
                              C:/ST/STM32CubeIDE_1.16.0/STM32CubeIDE/plugins/com.st.stm32cube.ide.mcu.externaltools.gnu-tools-for-stm32.12.3.rel1.win32_1.0.200.202406191623/tools/bin/../lib/gcc/arm-none-eabi/12.3.1/../../../../arm-none-eabi/lib/thumb/v8-m.main+fp/hard\libc_nano.a(libc_a-mallocr.o) (__malloc_lock)
C:/ST/STM32CubeIDE_1.16.0/STM32CubeIDE/plugins/com.st.stm32cube.ide.mcu.externaltools.gnu-tools-for-stm32.12.3.rel1.win32_1.0.200.202406191623/tools/bin/../lib/gcc/arm-none-eabi/12.3.1/../../../../arm-none-eabi/lib/thumb/v8-m.main+fp/hard\libc_nano.a(libc_a-findfp.o)
[...]
Memory Configuration

Name             Origin             Length             Attributes
RAM              0x20000000         0x00040000         xrw
SRAM4            0x28000000         0x00004000         xrw
FLASH            0x08000000         0x00080000         xr
*default*        0x00000000         0xffffffff

Linker script and memory map

LOAD C:/ST/STM32CubeIDE_1.16.0/STM32CubeIDE/plugins/com.st.stm32cube.ide.mcu.externaltools.gnu-tools-for-stm32.12.3.rel1.win32_1.0.200.202406191623/tools/bin/../lib/gcc/arm-none-eabi/12.3.1/thumb/v8-m.main+fp/hard/crti.o
LOAD C:/ST/STM32CubeIDE_1.16.0/STM32CubeIDE/plugins/com.st.stm32cube.ide.mcu.externaltools.gnu-tools-for-stm32.12.3.rel1.win32_1.0.200.202406191623/tools/bin/../lib/gcc/arm-none-eabi/12.3.1/thumb/v8-m.main+fp/hard/crtbegin.o
LOAD C:/ST/STM32CubeIDE_1.16.0/STM32CubeIDE/plugins/com.st.stm32cube.ide.mcu.externaltools.gnu-tools-for-stm32.12.3.rel1.win32_1.0.200.202406191623/tools/bin/../lib/gcc/arm-none-eabi/12.3.1/../../../../arm-none-eabi/lib/thumb/v8-m.main+fp/hard/crt0.o
LOAD ./Core/Src/main.o
LOAD ./Core/Src/stm32u5xx_hal_msp.o
LOAD ./Core/Src/stm32u5xx_it.o
LOAD ./Core/Src/syscalls.o
LOAD ./Core/Src/sysmem.o
LOAD ./Core/Src/system_stm32u5xx.o
LOAD ./Core/Src/z_displ_ILI9XXX.o
LOAD ./Core/Startup/startup_stm32u545retxq.o
LOAD ./Drivers/BSP/STM32U5xx_Nucleo/stm32u5xx_nucleo.o
LOAD ./Drivers/STM32U5xx_HAL_Driver/Src/stm32u5xx_hal.o
LOAD ./Drivers/STM32U5xx_HAL_Driver/Src/stm32u5xx_hal_cortex.o
LOAD ./Drivers/STM32U5xx_HAL_Driver/Src/stm32u5xx_hal_crc.o
LOAD ./Drivers/STM32U5xx_HAL_Driver/Src/stm32u5xx_hal_crc_ex.o
LOAD ./Drivers/STM32U5xx_HAL_Driver/Src/stm32u5xx_hal_dma.o
LOAD ./Drivers/STM32U5xx_HAL_Driver/Src/stm32u5xx_hal_dma_ex.o
LOAD ./Drivers/STM32U5xx_HAL_Driver/Src/stm32u5xx_hal_exti.o
LOAD ./Drivers/STM32U5xx_HAL_Driver/Src/stm32u5xx_hal_flash.o
LOAD ./Drivers/STM32U5xx_HAL_Driver/Src/stm32u5xx_hal_flash_ex.o
LOAD ./Drivers/STM32U5xx_HAL_Driver/Src/stm32u5xx_hal_gpio.o
LOAD ./Drivers/STM32U5xx_HAL_Driver/Src/stm32u5xx_hal_gtzc.o
LOAD ./Drivers/STM32U5xx_HAL_Driver/Src/stm32u5xx_hal_i2c.o
LOAD ./Drivers/STM32U5xx_HAL_Driver/Src/stm32u5xx_hal_i2c_ex.o
LOAD ./Drivers/STM32U5xx_HAL_Driver/Src/stm32u5xx_hal_icache.o
LOAD ./Drivers/STM32U5xx_HAL_Driver/Src/stm32u5xx_hal_pwr.o
LOAD ./Drivers/STM32U5xx_HAL_Driver/Src/stm32u5xx_hal_pwr_ex.o
LOAD ./Drivers/STM32U5xx_HAL_Driver/Src/stm32u5xx_hal_rcc.o
LOAD ./Drivers/STM32U5xx_HAL_Driver/Src/stm32u5xx_hal_rcc_ex.o
LOAD ./Drivers/STM32U5xx_HAL_Driver/Src/stm32u5xx_hal_spi.o
LOAD ./Drivers/STM32U5xx_HAL_Driver/Src/stm32u5xx_hal_spi_ex.o
LOAD ./Drivers/STM32U5xx_HAL_Driver/Src/stm32u5xx_hal_tim.o
LOAD ./Drivers/STM32U5xx_HAL_Driver/Src/stm32u5xx_hal_tim_ex.o
LOAD ./Drivers/STM32U5xx_HAL_Driver/Src/stm32u5xx_hal_uart.o
LOAD ./Drivers/STM32U5xx_HAL_Driver/Src/stm32u5xx_hal_uart_ex.o
LOAD ./Drivers/STM32U5xx_HAL_Driver/Src/stm32u5xx_hal_usart.o
LOAD ./Drivers/STM32U5xx_HAL_Driver/Src/stm32u5xx_hal_usart_ex.o
LOAD ./TouchGFX/App/app_touchgfx.o
LOAD ./TouchGFX/generated/fonts/src/ApplicationFontProvider.o
LOAD ./TouchGFX/generated/fonts/src/CachedFont.o
LOAD ./TouchGFX/generated/fonts/src/FontCache.o
LOAD ./TouchGFX/generated/fonts/src/Font_verdana_10_4bpp_0.o
LOAD ./TouchGFX/generated/fonts/src/Font_verdana_20_4bpp_0.o
LOAD ./TouchGFX/generated/fonts/src/Font_verdana_40_4bpp_0.o
LOAD ./TouchGFX/generated/fonts/src/GeneratedFont.o
LOAD ./TouchGFX/generated/fonts/src/Kerning_verdana_10_4bpp.o
LOAD ./TouchGFX/generated/fonts/src/Kerning_verdana_20_4bpp.o
LOAD ./TouchGFX/generated/fonts/src/Kerning_verdana_40_4bpp.o
LOAD ./TouchGFX/generated/fonts/src/Table_verdana_10_4bpp.o
LOAD ./TouchGFX/generated/fonts/src/Table_verdana_20_4bpp.o
LOAD ./TouchGFX/generated/fonts/src/Table_verdana_40_4bpp.o
LOAD ./TouchGFX/generated/fonts/src/UnmappedDataFont.o
LOAD ./TouchGFX/generated/fonts/src/VectorFontRendererBuffers.o
LOAD ./TouchGFX/generated/gui_generated/src/common/FrontendApplicationBase.o
LOAD ./TouchGFX/generated/gui_generated/src/screen1_screen/Screen1ViewBase.o
LOAD ./TouchGFX/generated/images/src/BitmapDatabase.o
LOAD ./TouchGFX/generated/images/src/SVGDatabase.o
LOAD ./TouchGFX/generated/images/src/__generated/image_alternate_theme_images_widgets_gauge_medium_backgrounds_active.o
LOAD ./TouchGFX/generated/images/src/__generated/image_alternate_theme_images_widgets_gauge_medium_needles_smooth.o
LOAD ./TouchGFX/generated/texts/src/LanguageGb.o
LOAD ./TouchGFX/generated/texts/src/Texts.o
LOAD ./TouchGFX/generated/texts/src/TypedTextDatabase.o
LOAD ./TouchGFX/gui/src/common/FrontendApplication.o
LOAD ./TouchGFX/gui/src/model/Model.o
LOAD ./TouchGFX/gui/src/screen1_screen/Screen1Presenter.o
LOAD ./TouchGFX/gui/src/screen1_screen/Screen1View.o
LOAD ./TouchGFX/target/STM32TouchController.o
LOAD ./TouchGFX/target/TouchGFXGPIO.o
LOAD ./TouchGFX/target/TouchGFXHAL.o
LOAD ./TouchGFX/target/generated/OSWrappers.o
LOAD ./TouchGFX/target/generated/STM32DMA.o
LOAD ./TouchGFX/target/generated/TouchGFXConfiguration.o
LOAD ./TouchGFX/target/generated/TouchGFXGeneratedHAL.o
START GROUP
LOAD C:/ST/STM32CubeIDE_1.16.0/STM32CubeIDE/plugins/com.st.stm32cube.ide.mcu.externaltools.gnu-tools-for-stm32.12.3.rel1.win32_1.0.200.202406191623/tools/bin/../lib/gcc/arm-none-eabi/12.3.1/../../../../arm-none-eabi/lib/thumb/v8-m.main+fp/hard\libstdc++_nano.a
LOAD C:/ST/STM32CubeIDE_1.16.0/STM32CubeIDE/plugins/com.st.stm32cube.ide.mcu.externaltools.gnu-tools-for-stm32.12.3.rel1.win32_1.0.200.202406191623/tools/bin/../lib/gcc/arm-none-eabi/12.3.1/../../../../arm-none-eabi/lib/thumb/v8-m.main+fp/hard\libsupc++_nano.a
END GROUP
LOAD C:/ST/STM32CubeIDE_1.16.0/STM32CubeIDE/plugins/com.st.stm32cube.ide.mcu.externaltools.gnu-tools-for-stm32.12.3.rel1.win32_1.0.200.202406191623/tools/bin/../lib/gcc/arm-none-eabi/12.3.1/../../../../arm-none-eabi/lib/thumb/v8-m.main+fp/hard\libstdc++_nano.a
LOAD C:/ST/STM32CubeIDE_1.16.0/STM32CubeIDE/plugins/com.st.stm32cube.ide.mcu.externaltools.gnu-tools-for-stm32.12.3.rel1.win32_1.0.200.202406191623/tools/bin/../lib/gcc/arm-none-eabi/12.3.1/../../../../arm-none-eabi/lib/thumb/v8-m.main+fp/hard\libm.a
LOAD C:/ST/STM32CubeIDE_1.16.0/STM32CubeIDE/plugins/com.st.stm32cube.ide.mcu.externaltools.gnu-tools-for-stm32.12.3.rel1.win32_1.0.200.202406191623/tools/bin/../lib/gcc/arm-none-eabi/12.3.1/../../../../arm-none-eabi/lib/thumb/v8-m.main+fp/hard\libc_nano.a
START GROUP
LOAD C:/ST/STM32CubeIDE_1.16.0/STM32CubeIDE/plugins/com.st.stm32cube.ide.mcu.externaltools.gnu-tools-for-stm32.12.3.rel1.win32_1.0.200.202406191623/tools/bin/../lib/gcc/arm-none-eabi/12.3.1/thumb/v8-m.main+fp/hard\libgcc.a
LOAD C:/ST/STM32CubeIDE_1.16.0/STM32CubeIDE/plugins/com.st.stm32cube.ide.mcu.externaltools.gnu-tools-for-stm32.12.3.rel1.win32_1.0.200.202406191623/tools/bin/../lib/gcc/arm-none-eabi/12.3.1/../../../../arm-none-eabi/lib/thumb/v8-m.main+fp/hard\libc_nano.a
END GROUP
START GROUP
LOAD C:/ST/STM32CubeIDE_1.16.0/STM32CubeIDE/plugins/com.st.stm32cube.ide.mcu.externaltools.gnu-tools-for-stm32.12.3.rel1.win32_1.0.200.202406191623/tools/bin/../lib/gcc/arm-none-eabi/12.3.1/thumb/v8-m.main+fp/hard\libgcc.a
LOAD C:/ST/STM32CubeIDE_1.16.0/STM32CubeIDE/plugins/com.st.stm32cube.ide.mcu.externaltools.gnu-tools-for-stm32.12.3.rel1.win32_1.0.200.202406191623/tools/bin/../lib/gcc/arm-none-eabi/12.3.1/../../../../arm-none-eabi/lib/thumb/v8-m.main+fp/hard\libc_nano.a
END GROUP
LOAD C:/ST/STM32CubeIDE_1.16.0/STM32CubeIDE/plugins/com.st.stm32cube.ide.mcu.externaltools.gnu-tools-for-stm32.12.3.rel1.win32_1.0.200.202406191623/tools/bin/../lib/gcc/arm-none-eabi/12.3.1/thumb/v8-m.main+fp/hard/crtend.o
LOAD C:/ST/STM32CubeIDE_1.16.0/STM32CubeIDE/plugins/com.st.stm32cube.ide.mcu.externaltools.gnu-tools-for-stm32.12.3.rel1.win32_1.0.200.202406191623/tools/bin/../lib/gcc/arm-none-eabi/12.3.1/thumb/v8-m.main+fp/hard/crtn.o
                0x20040000                        _estack = (ORIGIN (RAM) + LENGTH (RAM))
                0x00000200                        _Min_Heap_Size = 0x200
                0x00000400                        _Min_Stack_Size = 0x400

.isr_vector     0x08000000      0x238
 *(.isr_vector)
 .isr_vector    0x08000000      0x238 ./Core/Startup/startup_stm32u545retxq.o
                0x08000000                g_pfnVectors

.text           0x08000238     0x5bbc
 *(.text)
 .text          0x08000238       0x40 C:/ST/STM32CubeIDE_1.16.0/STM32CubeIDE/plugins/com.st.stm32cube.ide.mcu.externaltools.gnu-tools-for-stm32.12.3.rel1.win32_1.0.200.202406191623/tools/bin/../lib/gcc/arm-none-eabi/12.3.1/thumb/v8-m.main+fp/hard/crtbegin.o
 *(.text*)
 .text.SystemClock_Config
                0x08000278       0x80 ./Core/Src/main.o
                0x08000278                SystemClock_Config
 .text.startup.main
                0x080002f8      0x264 ./Core/Src/main.o
                0x080002f8                main
 .text.Error_Handler
                0x0800055c        0x4 ./Core/Src/main.o
                0x0800055c                Error_Handler
 .text.HAL_MspInit
                0x08000560       0x24 ./Core/Src/stm32u5xx_hal_msp.o
                0x08000560                HAL_MspInit
 .text.HAL_CRC_MspInit
                0x08000584       0x30 ./Core/Src/stm32u5xx_hal_msp.o
                0x08000584                HAL_CRC_MspInit
 .text.HAL_SPI_MspInit
                0x080005b4      0x100 ./Core/Src/stm32u5xx_hal_msp.o
                0x080005b4                HAL_SPI_MspInit
 .text.HAL_TIM_Base_MspInit
                0x080006b4       0x48 ./Core/Src/stm32u5xx_hal_msp.o
                0x080006b4                HAL_TIM_Base_MspInit
 .text.NMI_Handler
                0x080006fc        0x2 ./Core/Src/stm32u5xx_it.o
                0x080006fc                NMI_Handler
 .text.HardFault_Handler
                0x080006fe        0x2 ./Core/Src/stm32u5xx_it.o
                0x080006fe                HardFault_Handler
 .text.MemManage_Handler
                0x08000700        0x2 ./Core/Src/stm32u5xx_it.o
                0x08000700                MemManage_Handler
 .text.BusFault_Handler
                0x08000702        0x2 ./Core/Src/stm32u5xx_it.o
                0x08000702                BusFault_Handler
 .text.UsageFault_Handler
                0x08000704        0x2 ./Core/Src/stm32u5xx_it.o
                0x08000704                UsageFault_Handler
 .text.SVC_Handler
                0x08000706        0x2 ./Core/Src/stm32u5xx_it.o
                0x08000706                SVC_Handler
 .text.DebugMon_Handler
                0x08000708        0x2 ./Core/Src/stm32u5xx_it.o
                0x08000708                DebugMon_Handler
 .text.PendSV_Handler
                0x0800070a        0x2 ./Core/Src/stm32u5xx_it.o
                0x0800070a                PendSV_Handler
 .text.SysTick_Handler
                0x0800070c        0x4 ./Core/Src/stm32u5xx_it.o
                0x0800070c                SysTick_Handler
 .text.TIM3_IRQHandler
                0x08000710        0xc ./Core/Src/stm32u5xx_it.o
                0x08000710                TIM3_IRQHandler
 .text.SPI1_IRQHandler
                0x0800071c        0xc ./Core/Src/stm32u5xx_it.o
                0x0800071c                SPI1_IRQHandler
 .text.GPDMA1_Channel11_IRQHandler
                0x08000728        0xc ./Core/Src/stm32u5xx_it.o
                0x08000728                GPDMA1_Channel11_IRQHandler
 .text._getpid  0x08000734        0x4 ./Core/Src/syscalls.o
                0x08000734                _getpid
 .text._kill    0x08000738       0x10 ./Core/Src/syscalls.o
                0x08000738                _kill
 .text._exit    0x08000748        0xc ./Core/Src/syscalls.o
                0x08000748                _exit
 .text._read    0x08000754       0x1c ./Core/Src/syscalls.o
                0x08000754                _read
 .text._write   0x08000770       0x1c ./Core/Src/syscalls.o
                0x08000770                _write
 .text._close   0x0800078c        0x6 ./Core/Src/syscalls.o
                0x0800078c                _close
 .text._fstat   0x08000792        0xa ./Core/Src/syscalls.o
                0x08000792                _fstat
 .text._isatty  0x0800079c        0x4 ./Core/Src/syscalls.o
                0x0800079c                _isatty
 .text._lseek   0x080007a0        0x4 ./Core/Src/syscalls.o
                0x080007a0                _lseek
 .text._sbrk    0x080007a4       0x40 ./Core/Src/sysmem.o
                0x080007a4                _sbrk
 .text.SystemInit
                0x080007e4       0x44 ./Core/Src/system_stm32u5xx.o
                0x080007e4                SystemInit
 .text.Displ_Select
                0x08000828       0x10 ./Core/Src/z_displ_ILI9XXX.o
                0x08000828                Displ_Select
 .text.Displ_Transmit
                0x08000838       0x68 ./Core/Src/z_displ_ILI9XXX.o
                0x08000838                Displ_Transmit
 .text.Displ_WriteCommand
                0x080008a0       0x44 ./Core/Src/z_displ_ILI9XXX.o
                0x080008a0                Displ_WriteCommand
 .text.Dislp_WriteData_Single
                0x080008e4       0x44 ./Core/Src/z_displ_ILI9XXX.o
                0x080008e4                Dislp_WriteData_Single
 .text.Displ_WriteData
                0x08000928       0x10 ./Core/Src/z_displ_ILI9XXX.o
                0x08000928                Displ_WriteData
 .text.ILI9XXX_Enable
                0x08000938       0x10 ./Core/Src/z_displ_ILI9XXX.o
                0x08000938                ILI9XXX_Enable
 .text.ILI9XXX_SPI_Init
                0x08000948       0x10 ./Core/Src/z_displ_ILI9XXX.o
                0x08000948                ILI9XXX_SPI_Init
 .text.ILI9XXX_Reset
                0x08000958       0x3c ./Core/Src/z_displ_ILI9XXX.o
                0x08000958                ILI9XXX_Reset
 .text.ILI9XXX_Init
                0x08000994      0x212 ./Core/Src/z_displ_ILI9XXX.o
                0x08000994                ILI9XXX_Init
 *fill*         0x08000ba6        0x2 
 .text.Displ_SetAddressWindow
                0x08000ba8       0x68 ./Core/Src/z_displ_ILI9XXX.o
                0x08000ba8                Displ_SetAddressWindow
 .text.Displ_Orientation
                0x08000c10       0x78 ./Core/Src/z_displ_ILI9XXX.o
                0x08000c10                Displ_Orientation
 .text.Displ_Init
                0x08000c88       0x20 ./Core/Src/z_displ_ILI9XXX.o
                0x08000c88                Displ_Init
 .text.HAL_SPI_ErrorCallback
                0x08000ca8       0x18 ./Core/Src/z_displ_ILI9XXX.o
                0x08000ca8                HAL_SPI_ErrorCallback
 .text.HAL_SPI_TxCpltCallback
                0x08000cc0       0x28 ./Core/Src/z_displ_ILI9XXX.o
                0x08000cc0                HAL_SPI_TxCpltCallback
 .text.Displ_BackLight
                0x08000ce8       0x3c ./Core/Src/z_displ_ILI9XXX.o
                0x08000ce8                Displ_BackLight
 .text.touchgfxDisplayDriverTransmitActive
                0x08000d24       0x10 ./Core/Src/z_displ_ILI9XXX.o
                0x08000d24                touchgfxDisplayDriverTransmitActive
 .text.touchgfxDisplayDriverTransmitBlock
                0x08000d34       0x30 ./Core/Src/z_displ_ILI9XXX.o
                0x08000d34                touchgfxDisplayDriverTransmitBlock
 .text.HAL_TIM_PeriodElapsedCallback
                0x08000d64       0x10 ./Core/Src/z_displ_ILI9XXX.o
                0x08000d64                HAL_TIM_PeriodElapsedCallback
 .text.Reset_Handler
                0x08000d74       0x50 ./Core/Startup/startup_stm32u545retxq.o
                0x08000d74                Reset_Handler
 .text.Default_Handler
                0x08000dc4        0x2 ./Core/Startup/startup_stm32u545retxq.o
                0x08000dc4                EXTI2_IRQHandler
                0x08000dc4                TIM8_TRG_COM_IRQHandler
                0x08000dc4                TIM8_CC_IRQHandler
                0x08000dc4                EXTI5_IRQHandler
                0x08000dc4                FLASH_S_IRQHandler
                0x08000dc4                EXTI13_IRQHandler
                0x08000dc4                TIM1_CC_IRQHandler
                0x08000dc4                TSC_IRQHandler
                0x08000dc4                TAMP_IRQHandler
                0x08000dc4                TIM6_IRQHandler
                0x08000dc4                EXTI12_IRQHandler
                0x08000dc4                CORDIC_IRQHandler
                0x08000dc4                EXTI3_IRQHandler
                0x08000dc4                LPTIM4_IRQHandler
                0x08000dc4                GPDMA1_Channel5_IRQHandler
                0x08000dc4                EXTI8_IRQHandler
                0x08000dc4                LPTIM2_IRQHandler
                0x08000dc4                I2C3_ER_IRQHandler
                0x08000dc4                PWR_S3WU_IRQHandler
                0x08000dc4                LPDMA1_Channel3_IRQHandler
                0x08000dc4                LPTIM3_IRQHandler
                0x08000dc4                EXTI0_IRQHandler
                0x08000dc4                I2C2_EV_IRQHandler
                0x08000dc4                FPU_IRQHandler
                0x08000dc4                GPDMA1_Channel3_IRQHandler
                0x08000dc4                GPDMA1_Channel7_IRQHandler
                0x08000dc4                FDCAN1_IT1_IRQHandler
                0x08000dc4                RAMCFG_IRQHandler
                0x08000dc4                GPDMA1_Channel9_IRQHandler
                0x08000dc4                DCACHE1_IRQHandler
                0x08000dc4                OCTOSPI1_IRQHandler
                0x08000dc4                GPDMA1_Channel2_IRQHandler
                0x08000dc4                TIM8_UP_IRQHandler
                0x08000dc4                RCC_S_IRQHandler
                0x08000dc4                MDF1_FLT1_IRQHandler
                0x08000dc4                ADC1_IRQHandler
                0x08000dc4                PKA_IRQHandler
                0x08000dc4                EXTI15_IRQHandler
                0x08000dc4                TIM17_IRQHandler
                0x08000dc4                USART3_IRQHandler
                0x08000dc4                RTC_IRQHandler
                0x08000dc4                EXTI9_IRQHandler
                0x08000dc4                UART5_IRQHandler
                0x08000dc4                TIM4_IRQHandler
                0x08000dc4                I2C1_EV_IRQHandler
                0x08000dc4                GPDMA1_Channel12_IRQHandler
                0x08000dc4                GPDMA1_Channel1_IRQHandler
                0x08000dc4                TIM16_IRQHandler
                0x08000dc4                GPDMA1_Channel15_IRQHandler
                0x08000dc4                UART4_IRQHandler
                0x08000dc4                SecureFault_Handler
                0x08000dc4                RCC_IRQHandler
                0x08000dc4                TIM1_TRG_COM_IRQHandler
                0x08000dc4                Default_Handler
                0x08000dc4                GPDMA1_Channel8_IRQHandler
                0x08000dc4                FMAC_IRQHandler
                0x08000dc4                OTFDEC1_IRQHandler
                0x08000dc4                TIM7_IRQHandler
                0x08000dc4                SDMMC1_IRQHandler
                0x08000dc4                SAES_IRQHandler
                0x08000dc4                TIM5_IRQHandler
                0x08000dc4                GPDMA1_Channel0_IRQHandler
                0x08000dc4                TIM15_IRQHandler
                0x08000dc4                I2C3_EV_IRQHandler
                0x08000dc4                USB_IRQHandler
                0x08000dc4                LPDMA1_Channel0_IRQHandler
                0x08000dc4                PVD_PVM_IRQHandler
                0x08000dc4                SPI2_IRQHandler
                0x08000dc4                LPDMA1_Channel1_IRQHandler
                0x08000dc4                EXTI14_IRQHandler
                0x08000dc4                EXTI11_IRQHandler
                0x08000dc4                CRS_IRQHandler
                0x08000dc4                GPDMA1_Channel14_IRQHandler
                0x08000dc4                LSECSSD_IRQHandler
                0x08000dc4                EXTI4_IRQHandler
                0x08000dc4                RTC_S_IRQHandler
                0x08000dc4                GPDMA1_Channel13_IRQHandler
                0x08000dc4                RNG_IRQHandler
                0x08000dc4                COMP_IRQHandler
                0x08000dc4                TIM1_UP_IRQHandler
                0x08000dc4                ADC4_IRQHandler
                0x08000dc4                WWDG_IRQHandler
                0x08000dc4                I2C4_EV_IRQHandler
                0x08000dc4                ADF1_IRQHandler
                0x08000dc4                IWDG_IRQHandler
                0x08000dc4                LPUART1_IRQHandler
                0x08000dc4                MDF1_FLT0_IRQHandler
                0x08000dc4                FDCAN1_IT0_IRQHandler
                0x08000dc4                TIM2_IRQHandler
                0x08000dc4                GPDMA1_Channel4_IRQHandler
                0x08000dc4                EXTI7_IRQHandler
                0x08000dc4                TIM1_BRK_IRQHandler
                0x08000dc4                EXTI1_IRQHandler
                0x08000dc4                AES_IRQHandler
                0x08000dc4                DAC1_IRQHandler
                0x08000dc4                GTZC_IRQHandler
                0x08000dc4                GPDMA1_Channel6_IRQHandler
                0x08000dc4                I2C2_ER_IRQHandler
                0x08000dc4                TIM8_BRK_IRQHandler
                0x08000dc4                FLASH_IRQHandler
                0x08000dc4                USART1_IRQHandler
                0x08000dc4                EXTI10_IRQHandler
                0x08000dc4                SPI3_IRQHandler
                0x08000dc4                LPDMA1_Channel2_IRQHandler
                0x08000dc4                I2C1_ER_IRQHandler
                0x08000dc4                EXTI6_IRQHandler
                0x08000dc4                LPTIM1_IRQHandler
                0x08000dc4                DCMI_PSSI_IRQHandler
                0x08000dc4                I2C4_ER_IRQHandler
                0x08000dc4                GPDMA1_Channel10_IRQHandler
                0x08000dc4                ICACHE_IRQHandler
                0x08000dc4                SAI1_IRQHandler
                0x08000dc4                HASH_IRQHandler
 *fill*         0x08000dc6        0x2 
 .text.BSP_LED_Init
                0x08000dc8       0x4c ./Drivers/BSP/STM32U5xx_Nucleo/stm32u5xx_nucleo.o
                0x08000dc8                BSP_LED_Init
 .text.HAL_InitTick
                0x08000e14       0x90 ./Drivers/STM32U5xx_HAL_Driver/Src/stm32u5xx_hal.o
                0x08000e14                HAL_InitTick
 .text.HAL_Init
                0x08000ea4       0x54 ./Drivers/STM32U5xx_HAL_Driver/Src/stm32u5xx_hal.o
                0x08000ea4                HAL_Init
 .text.HAL_IncTick
                0x08000ef8       0x18 ./Drivers/STM32U5xx_HAL_Driver/Src/stm32u5xx_hal.o
                0x08000ef8                HAL_IncTick
 .text.HAL_GetTick
                0x08000f10        0xc ./Drivers/STM32U5xx_HAL_Driver/Src/stm32u5xx_hal.o
                0x08000f10                HAL_GetTick
 .text.HAL_Delay
                0x08000f1c       0x24 ./Drivers/STM32U5xx_HAL_Driver/Src/stm32u5xx_hal.o
                0x08000f1c                HAL_Delay
 .text.HAL_NVIC_SetPriorityGrouping
                0x08000f40       0x24 ./Drivers/STM32U5xx_HAL_Driver/Src/stm32u5xx_hal_cortex.o
                0x08000f40                HAL_NVIC_SetPriorityGrouping
 .text.HAL_NVIC_SetPriority
                0x08000f64       0x60 ./Drivers/STM32U5xx_HAL_Driver/Src/stm32u5xx_hal_cortex.o
                0x08000f64                HAL_NVIC_SetPriority
 .text.HAL_NVIC_EnableIRQ
                0x08000fc4       0x1c ./Drivers/STM32U5xx_HAL_Driver/Src/stm32u5xx_hal_cortex.o
                0x08000fc4                HAL_NVIC_EnableIRQ
 .text.HAL_SYSTICK_Config
                0x08000fe0       0x20 ./Drivers/STM32U5xx_HAL_Driver/Src/stm32u5xx_hal_cortex.o
                0x08000fe0                HAL_SYSTICK_Config
 .text.HAL_SYSTICK_CLKSourceConfig
                0x08001000       0x74 ./Drivers/STM32U5xx_HAL_Driver/Src/stm32u5xx_hal_cortex.o
                0x08001000                HAL_SYSTICK_CLKSourceConfig
 .text.HAL_SYSTICK_GetCLKSourceConfig
                0x08001074       0x34 ./Drivers/STM32U5xx_HAL_Driver/Src/stm32u5xx_hal_cortex.o
                0x08001074                HAL_SYSTICK_GetCLKSourceConfig
 .text.HAL_CRC_Init
                0x080010a8       0x74 ./Drivers/STM32U5xx_HAL_Driver/Src/stm32u5xx_hal_crc.o
                0x080010a8                HAL_CRC_Init
 .text.HAL_CRCEx_Polynomial_Set
                0x0800111c       0x4e ./Drivers/STM32U5xx_HAL_Driver/Src/stm32u5xx_hal_crc_ex.o
                0x0800111c                HAL_CRCEx_Polynomial_Set
 *fill*         0x0800116a        0x2 
 .text.HAL_DMA_Init
                0x0800116c      0x36c ./Drivers/STM32U5xx_HAL_Driver/Src/stm32u5xx_hal_dma.o
                0x0800116c                HAL_DMA_Init
 .text.HAL_DMA_Abort_IT
                0x080014d8       0x2a ./Drivers/STM32U5xx_HAL_Driver/Src/stm32u5xx_hal_dma.o
                0x080014d8                HAL_DMA_Abort_IT
 .text.HAL_DMA_IRQHandler
                0x08001502      0x17e ./Drivers/STM32U5xx_HAL_Driver/Src/stm32u5xx_hal_dma.o
                0x08001502                HAL_DMA_IRQHandler
 .text.HAL_DMA_ConfigChannelAttributes
                0x08001680       0x3c ./Drivers/STM32U5xx_HAL_Driver/Src/stm32u5xx_hal_dma.o
                0x08001680                HAL_DMA_ConfigChannelAttributes
 .text.HAL_GPIO_Init
                0x080016bc      0x21c ./Drivers/STM32U5xx_HAL_Driver/Src/stm32u5xx_hal_gpio.o
                0x080016bc                HAL_GPIO_Init
 .text.HAL_GPIO_WritePin
                0x080018d8        0xa ./Drivers/STM32U5xx_HAL_Driver/Src/stm32u5xx_hal_gpio.o
                0x080018d8                HAL_GPIO_WritePin
 *fill*         0x080018e2        0x2 
 .text.HAL_ICACHE_ConfigAssociativityMode
                0x080018e4       0x20 ./Drivers/STM32U5xx_HAL_Driver/Src/stm32u5xx_hal_icache.o
                0x080018e4                HAL_ICACHE_ConfigAssociativityMode
 .text.HAL_ICACHE_Enable
                0x08001904       0x14 ./Drivers/STM32U5xx_HAL_Driver/Src/stm32u5xx_hal_icache.o
                0x08001904                HAL_ICACHE_Enable
 .text.HAL_PWREx_ControlVoltageScaling
                0x08001918       0x80 ./Drivers/STM32U5xx_HAL_Driver/Src/stm32u5xx_hal_pwr_ex.o
                0x08001918                HAL_PWREx_ControlVoltageScaling
 .text.HAL_PWREx_GetVoltageRange
                0x08001998       0x10 ./Drivers/STM32U5xx_HAL_Driver/Src/stm32u5xx_hal_pwr_ex.o
                0x08001998                HAL_PWREx_GetVoltageRange
 .text.HAL_PWREx_ConfigSupply
                0x080019a8       0x58 ./Drivers/STM32U5xx_HAL_Driver/Src/stm32u5xx_hal_pwr_ex.o
                0x080019a8                HAL_PWREx_ConfigSupply
 .text.RCC_SetFlashLatencyFromMSIRange
                0x08001a00       0xb8 ./Drivers/STM32U5xx_HAL_Driver/Src/stm32u5xx_hal_rcc.o
 .text.HAL_RCC_GetSysClockFreq
                0x08001ab8      0x118 ./Drivers/STM32U5xx_HAL_Driver/Src/stm32u5xx_hal_rcc.o
                0x08001ab8                HAL_RCC_GetSysClockFreq
 .text.HAL_RCC_ClockConfig
                0x08001bd0      0x29c ./Drivers/STM32U5xx_HAL_Driver/Src/stm32u5xx_hal_rcc.o
                0x08001bd0                HAL_RCC_ClockConfig
 .text.HAL_RCC_GetHCLKFreq
                0x08001e6c       0x28 ./Drivers/STM32U5xx_HAL_Driver/Src/stm32u5xx_hal_rcc.o
                0x08001e6c                HAL_RCC_GetHCLKFreq
 .text.HAL_RCC_OscConfig
                0x08001e94      0x8c0 ./Drivers/STM32U5xx_HAL_Driver/Src/stm32u5xx_hal_rcc.o
                0x08001e94                HAL_RCC_OscConfig
 .text.RCCEx_PLL3_Config
                0x08002754       0xd8 ./Drivers/STM32U5xx_HAL_Driver/Src/stm32u5xx_hal_rcc_ex.o
 .text.RCCEx_PLL2_Config
                0x0800282c       0xd8 ./Drivers/STM32U5xx_HAL_Driver/Src/stm32u5xx_hal_rcc_ex.o
 .text.HAL_RCCEx_PeriphCLKConfig
                0x08002904      0x540 ./Drivers/STM32U5xx_HAL_Driver/Src/stm32u5xx_hal_rcc_ex.o
                0x08002904                HAL_RCCEx_PeriphCLKConfig
 .text.SPI_CloseTransfer
                0x08002e44       0xac ./Drivers/STM32U5xx_HAL_Driver/Src/stm32u5xx_hal_spi.o
 .text.HAL_SPI_Init
                0x08002ef0      0x144 ./Drivers/STM32U5xx_HAL_Driver/Src/stm32u5xx_hal_spi.o
                0x08002ef0                HAL_SPI_Init
 .text.HAL_SPI_Transmit
                0x08003034      0x258 ./Drivers/STM32U5xx_HAL_Driver/Src/stm32u5xx_hal_spi.o
                0x08003034                HAL_SPI_Transmit
 .text.HAL_SPI_RxCpltCallback
                0x0800328c        0x2 ./Drivers/STM32U5xx_HAL_Driver/Src/stm32u5xx_hal_spi.o
                0x0800328c                HAL_SPI_RxCpltCallback
 .text.HAL_SPI_TxRxCpltCallback
                0x0800328e        0x2 ./Drivers/STM32U5xx_HAL_Driver/Src/stm32u5xx_hal_spi.o
                0x0800328e                HAL_SPI_TxRxCpltCallback
 .text.SPI_DMAAbortOnError
                0x08003290       0x1a ./Drivers/STM32U5xx_HAL_Driver/Src/stm32u5xx_hal_spi.o
 .text.HAL_SPI_SuspendCallback
                0x080032aa        0x2 ./Drivers/STM32U5xx_HAL_Driver/Src/stm32u5xx_hal_spi.o
                0x080032aa                HAL_SPI_SuspendCallback
 .text.HAL_SPI_IRQHandler
                0x080032ac      0x20c ./Drivers/STM32U5xx_HAL_Driver/Src/stm32u5xx_hal_spi.o
                0x080032ac                HAL_SPI_IRQHandler
 .text.HAL_SPIEx_SetConfigAutonomousMode
                0x080034b8       0x46 ./Drivers/STM32U5xx_HAL_Driver/Src/stm32u5xx_hal_spi_ex.o
                0x080034b8                HAL_SPIEx_SetConfigAutonomousMode
 *fill*         0x080034fe        0x2 
 .text.HAL_TIM_Base_Start_IT
                0x08003500       0xb4 ./Drivers/STM32U5xx_HAL_Driver/Src/stm32u5xx_hal_tim.o
                0x08003500                HAL_TIM_Base_Start_IT
 .text.HAL_TIM_OC_DelayElapsedCallback
                0x080035b4        0x2 ./Drivers/STM32U5xx_HAL_Driver/Src/stm32u5xx_hal_tim.o
                0x080035b4                HAL_TIM_OC_DelayElapsedCallback
 .text.HAL_TIM_IC_CaptureCallback
                0x080035b6        0x2 ./Drivers/STM32U5xx_HAL_Driver/Src/stm32u5xx_hal_tim.o
                0x080035b6                HAL_TIM_IC_CaptureCallback
 .text.HAL_TIM_PWM_PulseFinishedCallback
                0x080035b8        0x2 ./Drivers/STM32U5xx_HAL_Driver/Src/stm32u5xx_hal_tim.o
                0x080035b8                HAL_TIM_PWM_PulseFinishedCallback
 .text.HAL_TIM_TriggerCallback
                0x080035ba        0x2 ./Drivers/STM32U5xx_HAL_Driver/Src/stm32u5xx_hal_tim.o
                0x080035ba                HAL_TIM_TriggerCallback
 .text.HAL_TIM_IRQHandler
                0x080035bc      0x19e ./Drivers/STM32U5xx_HAL_Driver/Src/stm32u5xx_hal_tim.o
                0x080035bc                HAL_TIM_IRQHandler
 *fill*         0x0800375a        0x2 
 .text.TIM_Base_SetConfig
                0x0800375c      0x170 ./Drivers/STM32U5xx_HAL_Driver/Src/stm32u5xx_hal_tim.o
                0x0800375c                TIM_Base_SetConfig
 .text.HAL_TIM_Base_Init
                0x080038cc       0x60 ./Drivers/STM32U5xx_HAL_Driver/Src/stm32u5xx_hal_tim.o
                0x080038cc                HAL_TIM_Base_Init
 .text.TIM_ETR_SetConfig
                0x0800392c       0x14 ./Drivers/STM32U5xx_HAL_Driver/Src/stm32u5xx_hal_tim.o
                0x0800392c                TIM_ETR_SetConfig
 .text.HAL_TIM_ConfigClockSource
                0x08003940      0x17c ./Drivers/STM32U5xx_HAL_Driver/Src/stm32u5xx_hal_tim.o
                0x08003940                HAL_TIM_ConfigClockSource
 .text.HAL_TIMEx_MasterConfigSynchronization
                0x08003abc       0xdc ./Drivers/STM32U5xx_HAL_Driver/Src/stm32u5xx_hal_tim_ex.o
                0x08003abc                HAL_TIMEx_MasterConfigSynchronization
 .text.HAL_TIMEx_CommutCallback
                0x08003b98        0x2 ./Drivers/STM32U5xx_HAL_Driver/Src/stm32u5xx_hal_tim_ex.o
                0x08003b98                HAL_TIMEx_CommutCallback
 .text.HAL_TIMEx_BreakCallback
                0x08003b9a        0x2 ./Drivers/STM32U5xx_HAL_Driver/Src/stm32u5xx_hal_tim_ex.o
                0x08003b9a                HAL_TIMEx_BreakCallback
 .text.HAL_TIMEx_Break2Callback
                0x08003b9c        0x2 ./Drivers/STM32U5xx_HAL_Driver/Src/stm32u5xx_hal_tim_ex.o
                0x08003b9c                HAL_TIMEx_Break2Callback
 .text.HAL_TIMEx_EncoderIndexCallback
                0x08003b9e        0x2 ./Drivers/STM32U5xx_HAL_Driver/Src/stm32u5xx_hal_tim_ex.o
                0x08003b9e                HAL_TIMEx_EncoderIndexCallback
 .text.HAL_TIMEx_DirectionChangeCallback
                0x08003ba0        0x2 ./Drivers/STM32U5xx_HAL_Driver/Src/stm32u5xx_hal_tim_ex.o
                0x08003ba0                HAL_TIMEx_DirectionChangeCallback
 .text.HAL_TIMEx_IndexErrorCallback
                0x08003ba2        0x2 ./Drivers/STM32U5xx_HAL_Driver/Src/stm32u5xx_hal_tim_ex.o
                0x08003ba2                HAL_TIMEx_IndexErrorCallback
 .text.HAL_TIMEx_TransitionErrorCallback
                0x08003ba4        0x2 ./Drivers/STM32U5xx_HAL_Driver/Src/stm32u5xx_hal_tim_ex.o
                0x08003ba4                HAL_TIMEx_TransitionErrorCallback
 .text.MX_TouchGFX_Init
                0x08003ba6        0xe ./TouchGFX/App/app_touchgfx.o
                0x08003ba6                MX_TouchGFX_Init
 .text.MX_TouchGFX_Process
                0x08003bb4        0x4 ./TouchGFX/App/app_touchgfx.o
                0x08003bb4                MX_TouchGFX_Process
 .text._ZN23ApplicationFontProviderD2Ev
                0x08003bb8        0x2 ./TouchGFX/generated/fonts/src/ApplicationFontProvider.o
                0x08003bb8                ApplicationFontProvider::~ApplicationFontProvider()
                0x08003bb8                ApplicationFontProvider::~ApplicationFontProvider()
 .text._ZN23ApplicationFontProviderD0Ev
                0x08003bba        0xe ./TouchGFX/generated/fonts/src/ApplicationFontProvider.o
                0x08003bba                ApplicationFontProvider::~ApplicationFontProvider()
 .text._ZN23ApplicationFontProvider7getFontEt
                0x08003bc8       0x28 ./TouchGFX/generated/fonts/src/ApplicationFontProvider.o
                0x08003bc8                ApplicationFontProvider::getFont(unsigned short)
 .text._ZNK8touchgfx4Font8getGlyphEt
                0x08003bf0       0x20 ./TouchGFX/generated/fonts/src/CachedFont.o
                0x08003bf0                touchgfx::Font::getGlyph(unsigned short) const
 .text._ZNK8touchgfx4Font15getFallbackCharEv
                0x08003c10        0x4 ./TouchGFX/generated/fonts/src/CachedFont.o
                0x08003c10                touchgfx::Font::getFallbackChar() const
 .text._ZNK8touchgfx4Font15getEllipsisCharEv
                0x08003c14        0x4 ./TouchGFX/generated/fonts/src/CachedFont.o
                0x08003c14                touchgfx::Font::getEllipsisChar() const
 .text._ZNK8touchgfx4Font11getBaselineEv
                0x08003c18        0x4 ./TouchGFX/generated/fonts/src/CachedFont.o
                0x08003c18                touchgfx::Font::getBaseline() const
 .text._ZNK8touchgfx4Font9getHeightEv
                0x08003c1c        0x4 ./TouchGFX/generated/fonts/src/CachedFont.o
                0x08003c1c                touchgfx::Font::getHeight() const
 .text._ZNK8touchgfx4Font15getBitsPerPixelEv
                0x08003c20        0x8 ./TouchGFX/generated/fonts/src/CachedFont.o
                0x08003c20                touchgfx::Font::getBitsPerPixel() const
 .text._ZNK8touchgfx4Font15getByteAlignRowEv
                0x08003c28        0x6 ./TouchGFX/generated/fonts/src/CachedFont.o
                0x08003c28                touchgfx::Font::getByteAlignRow() const
 .text._ZNK8touchgfx4Font17isVectorBasedFontEv
                0x08003c2e        0x4 ./TouchGFX/generated/fonts/src/CachedFont.o
                0x08003c2e                touchgfx::Font::isVectorBasedFont() const
 *fill*         0x08003c32        0x2 
 .text._ZNK8touchgfx4Font14getScaleFactorEv
                0x08003c34        0xc ./TouchGFX/generated/fonts/src/CachedFont.o
                0x08003c34                touchgfx::Font::getScaleFactor() const
 .text._ZN8touchgfx9TypedTextD2Ev
                0x08003c40        0x2 ./TouchGFX/generated/fonts/src/FontCache.o
                0x08003c40                touchgfx::TypedText::~TypedText()
                0x08003c40                touchgfx::TypedText::~TypedText()
 .text._ZN8touchgfx9TypedTextD0Ev
                0x08003c42        0xe ./TouchGFX/generated/fonts/src/FontCache.o
                0x08003c42                touchgfx::TypedText::~TypedText()
 .text._ZNK8touchgfx13GeneratedFont12getGSUBTableEv
                0x08003c50        0x4 ./TouchGFX/generated/fonts/src/GeneratedFont.o
                0x08003c50                touchgfx::GeneratedFont::getGSUBTable() const
 .text._ZNK8touchgfx13GeneratedFont23getContextualFormsTableEv
                0x08003c54        0x4 ./TouchGFX/generated/fonts/src/GeneratedFont.o
                0x08003c54                touchgfx::GeneratedFont::getContextualFormsTable() const
 .text._ZN8touchgfx13GeneratedFontD2Ev
                0x08003c58        0x2 ./TouchGFX/generated/fonts/src/GeneratedFont.o
                0x08003c58                touchgfx::GeneratedFont::~GeneratedFont()
                0x08003c58                touchgfx::GeneratedFont::~GeneratedFont()
 .text._ZNK8touchgfx13GeneratedFont12getPixelDataEPKNS_9GlyphNodeE
                0x08003c5a       0x10 ./TouchGFX/generated/fonts/src/GeneratedFont.o
                0x08003c5a                touchgfx::GeneratedFont::getPixelData(touchgfx::GlyphNode const*) const
 .text._ZNK8touchgfx13GeneratedFont10getKerningEtPKNS_9GlyphNodeE
                0x08003c6a       0x3a ./TouchGFX/generated/fonts/src/GeneratedFont.o
                0x08003c6a                touchgfx::GeneratedFont::getKerning(unsigned short, touchgfx::GlyphNode const*) const
 .text._ZN8touchgfx13GeneratedFontD0Ev
                0x08003ca4        0xe ./TouchGFX/generated/fonts/src/GeneratedFont.o
                0x08003ca4                touchgfx::GeneratedFont::~GeneratedFont()
 *fill*         0x08003cb2        0x2 
 .text._ZN8touchgfx13GeneratedFontC2EPKNS_9GlyphNodeEttthhhhhhPKPKhPKNS_11KerningNodeEttPKtPKNS_24FontContextualFormsTableE
                0x08003cb4       0x60 ./TouchGFX/generated/fonts/src/GeneratedFont.o
                0x08003cb4                touchgfx::GeneratedFont::GeneratedFont(touchgfx::GlyphNode const*, unsigned short, unsigned short, unsigned short, unsigned char, unsigned char, unsigned char, unsigned char, unsigned char, unsigned char, unsigned char const* const*, touchgfx::KerningNode const*, unsigned short, unsigned short, unsigned short const*, touchgfx::FontContextualFormsTable const*)
                0x08003cb4                touchgfx::GeneratedFont::GeneratedFont(touchgfx::GlyphNode const*, unsigned short, unsigned short, unsigned short, unsigned char, unsigned char, unsigned char, unsigned char, unsigned char, unsigned char, unsigned char const* const*, touchgfx::KerningNode const*, unsigned short, unsigned short, unsigned short const*, touchgfx::FontContextualFormsTable const*)
 .text.__tcf_0  0x08003d14        0x2 ./TouchGFX/generated/fonts/src/Table_verdana_10_4bpp.o
 *fill*         0x08003d16        0x2 
 .text._Z23getFont_verdana_10_4bppv
                0x08003d18       0x70 ./TouchGFX/generated/fonts/src/Table_verdana_10_4bpp.o
                0x08003d18                getFont_verdana_10_4bpp()
 .text.__tcf_0  0x08003d88        0x2 ./TouchGFX/generated/fonts/src/Table_verdana_20_4bpp.o
 *fill*         0x08003d8a        0x2 
 .text._Z23getFont_verdana_20_4bppv
                0x08003d8c       0x74 ./TouchGFX/generated/fonts/src/Table_verdana_20_4bpp.o
                0x08003d8c                getFont_verdana_20_4bpp()
 .text.__tcf_0  0x08003e00        0x2 ./TouchGFX/generated/fonts/src/Table_verdana_40_4bpp.o
 *fill*         0x08003e02        0x2 
 .text._Z23getFont_verdana_40_4bppv
                0x08003e04       0x70 ./TouchGFX/generated/fonts/src/Table_verdana_40_4bpp.o
                0x08003e04                getFont_verdana_40_4bpp()
 .text._ZN8touchgfx11Application15appSwitchScreenEh
                0x08003e74        0x2 ./TouchGFX/generated/gui_generated/src/common/FrontendApplicationBase.o
                0x08003e74                touchgfx::Application::appSwitchScreen(unsigned char)
 .text._ZN8touchgfx11Application13requestRedrawERNS_4RectE
                0x08003e76        0xc ./TouchGFX/generated/gui_generated/src/common/FrontendApplicationBase.o
                0x08003e76                touchgfx::Application::requestRedraw(touchgfx::Rect&)
 .text._ZN8touchgfx10Transition8tearDownEv
                0x08003e82        0x2 ./TouchGFX/generated/gui_generated/src/common/FrontendApplicationBase.o
                0x08003e82                touchgfx::Transition::tearDown()
 .text._ZN8touchgfx10Transition4initEv
                0x08003e84        0x2 ./TouchGFX/generated/gui_generated/src/common/FrontendApplicationBase.o
                0x08003e84                touchgfx::Transition::init()
 .text._ZN8touchgfx10Transition18setScreenContainerERNS_9ContainerE
                0x08003e86        0x4 ./TouchGFX/generated/gui_generated/src/common/FrontendApplicationBase.o
                0x08003e86                touchgfx::Transition::setScreenContainer(touchgfx::Container&)
 .text._ZN23FrontendApplicationBaseD2Ev
                0x08003e8a        0x2 ./TouchGFX/generated/gui_generated/src/common/FrontendApplicationBase.o
                0x08003e8a                FrontendApplicationBase::~FrontendApplicationBase()
                0x08003e8a                FrontendApplicationBase::~FrontendApplicationBase()
 .text._ZN23FrontendApplicationBase19changeToStartScreenEv
                0x08003e8c       0x20 ./TouchGFX/generated/gui_generated/src/common/FrontendApplicationBase.o
                0x08003e8c                FrontendApplicationBase::changeToStartScreen()
 .text._ZN8touchgfx12NoTransition15handleTickEventEv
                0x08003eac        0x6 ./TouchGFX/generated/gui_generated/src/common/FrontendApplicationBase.o
                0x08003eac                touchgfx::NoTransition::handleTickEvent()
 .text._ZN8touchgfx12NoTransitionD2Ev
                0x08003eb2        0x2 ./TouchGFX/generated/gui_generated/src/common/FrontendApplicationBase.o
                0x08003eb2                touchgfx::NoTransition::~NoTransition()
                0x08003eb2                touchgfx::NoTransition::~NoTransition()
 .text._ZN8touchgfx8CallbackI23FrontendApplicationBasevvvED2Ev
                0x08003eb4        0x2 ./TouchGFX/generated/gui_generated/src/common/FrontendApplicationBase.o
                0x08003eb4                touchgfx::Callback<FrontendApplicationBase, void, void, void>::~Callback()
                0x08003eb4                touchgfx::Callback<FrontendApplicationBase, void, void, void>::~Callback()
 .text._ZN8touchgfx8CallbackI23FrontendApplicationBasevvvE7executeEv
                0x08003eb6       0x20 ./TouchGFX/generated/gui_generated/src/common/FrontendApplicationBase.o
                0x08003eb6                touchgfx::Callback<FrontendApplicationBase, void, void, void>::execute()
 .text._ZNK8touchgfx8CallbackI23FrontendApplicationBasevvvE7isValidEv
                0x08003ed6       0x16 ./TouchGFX/generated/gui_generated/src/common/FrontendApplicationBase.o
                0x08003ed6                touchgfx::Callback<FrontendApplicationBase, void, void, void>::isValid() const
 .text._ZN8touchgfx12NoTransitionD0Ev
                0x08003eec        0xe ./TouchGFX/generated/gui_generated/src/common/FrontendApplicationBase.o
                0x08003eec                touchgfx::NoTransition::~NoTransition()
 .text._ZN8touchgfx8CallbackI23FrontendApplicationBasevvvED0Ev
                0x08003efa        0xe ./TouchGFX/generated/gui_generated/src/common/FrontendApplicationBase.o
                0x08003efa                touchgfx::Callback<FrontendApplicationBase, void, void, void>::~Callback()
 .text._ZN23FrontendApplicationBaseD0Ev
                0x08003f08       0x10 ./TouchGFX/generated/gui_generated/src/common/FrontendApplicationBase.o
                0x08003f08                FrontendApplicationBase::~FrontendApplicationBase()
 .text._ZN8touchgfx10Transition10invalidateEv
                0x08003f18       0x10 ./TouchGFX/generated/gui_generated/src/common/FrontendApplicationBase.o
                0x08003f18                touchgfx::Transition::invalidate()
 .text._ZN8touchgfx14MVPApplication29handlePendingScreenTransitionEv
                0x08003f28       0x24 ./TouchGFX/generated/gui_generated/src/common/FrontendApplicationBase.o
                0x08003f28                touchgfx::MVPApplication::handlePendingScreenTransition()
 .text._ZN23FrontendApplicationBase33gotoScreen1ScreenNoTransitionImplEv
                0x08003f4c      0x14c ./TouchGFX/generated/gui_generated/src/common/FrontendApplicationBase.o
                0x08003f4c                FrontendApplicationBase::gotoScreen1ScreenNoTransitionImpl()
 .text._ZN8touchgfx3HAL3lcdEv
                0x08004098       0x18 ./TouchGFX/generated/gui_generated/src/common/FrontendApplicationBase.o
                0x08004098                touchgfx::HAL::lcd()
 .text._ZN23FrontendApplicationBaseC2ER5ModelR12FrontendHeap
                0x080040b0       0x68 ./TouchGFX/generated/gui_generated/src/common/FrontendApplicationBase.o
                0x080040b0                FrontendApplicationBase::FrontendApplicationBase(Model&, FrontendHeap&)
                0x080040b0                FrontendApplicationBase::FrontendApplicationBase(Model&, FrontendHeap&)
 .text._ZN23FrontendApplicationBase29gotoScreen1ScreenNoTransitionEv
                0x08004118       0x20 ./TouchGFX/generated/gui_generated/src/common/FrontendApplicationBase.o
                0x08004118                FrontendApplicationBase::gotoScreen1ScreenNoTransition()
 .text._ZN8touchgfx6Screen15afterTransitionEv
                0x08004138        0x2 ./TouchGFX/generated/gui_generated/src/screen1_screen/Screen1ViewBase.o
                0x08004138                touchgfx::Screen::afterTransition()
 .text._ZN8touchgfx6Screen14tearDownScreenEv
                0x0800413a        0x2 ./TouchGFX/generated/gui_generated/src/screen1_screen/Screen1ViewBase.o
                0x0800413a                touchgfx::Screen::tearDownScreen()
 .text._ZN8touchgfx6Screen15handleTickEventEv
                0x0800413c        0x2 ./TouchGFX/generated/gui_generated/src/screen1_screen/Screen1ViewBase.o
                0x0800413c                touchgfx::Screen::handleTickEvent()
 .text._ZN8touchgfx6Screen14handleKeyEventEh
                0x0800413e        0x2 ./TouchGFX/generated/gui_generated/src/screen1_screen/Screen1ViewBase.o
                0x0800413e                touchgfx::Screen::handleKeyEvent(unsigned char)
 .text._ZN15Screen1ViewBaseD2Ev
                0x08004140        0x2 ./TouchGFX/generated/gui_generated/src/screen1_screen/Screen1ViewBase.o
                0x08004140                Screen1ViewBase::~Screen1ViewBase()
                0x08004140                Screen1ViewBase::~Screen1ViewBase()
 .text._ZN15Screen1ViewBase11setupScreenEv
                0x08004142        0x2 ./TouchGFX/generated/gui_generated/src/screen1_screen/Screen1ViewBase.o
                0x08004142                Screen1ViewBase::setupScreen()
 .text._ZN15Screen1ViewBaseD0Ev
                0x08004144       0x10 ./TouchGFX/generated/gui_generated/src/screen1_screen/Screen1ViewBase.o
                0x08004144                Screen1ViewBase::~Screen1ViewBase()
 .text._ZN8touchgfx8Drawable5setXYEss
                0x08004154       0x1a ./TouchGFX/generated/gui_generated/src/screen1_screen/Screen1ViewBase.o
                0x08004154                touchgfx::Drawable::setXY(short, short)
 .text._ZN8touchgfx8Drawable11setPositionEssss
                0x0800416e       0x26 ./TouchGFX/generated/gui_generated/src/screen1_screen/Screen1ViewBase.o
                0x0800416e                touchgfx::Drawable::setPosition(short, short, short, short)
 .text._ZN8touchgfx3BoxC2Ev
                0x08004194       0x2c ./TouchGFX/generated/gui_generated/src/screen1_screen/Screen1ViewBase.o
                0x08004194                touchgfx::Box::Box()
                0x08004194                touchgfx::Box::Box()
 .text._ZN15Screen1ViewBaseC2Ev
                0x080041c0      0x188 ./TouchGFX/generated/gui_generated/src/screen1_screen/Screen1ViewBase.o
                0x080041c0                Screen1ViewBase::Screen1ViewBase()
                0x080041c0                Screen1ViewBase::Screen1ViewBase()
 .text._ZN14BitmapDatabase11getInstanceEv
                0x08004348        0x8 ./TouchGFX/generated/images/src/BitmapDatabase.o
                0x08004348                BitmapDatabase::getInstance()
 .text._ZN14BitmapDatabase15getInstanceSizeEv
                0x08004350        0x4 ./TouchGFX/generated/images/src/BitmapDatabase.o
                0x08004350                BitmapDatabase::getInstanceSize()
 .text._ZNK8touchgfx4Font14getStringWidthEPKtz
                0x08004354       0x1c ./TouchGFX/generated/texts/src/Texts.o
                0x08004354                touchgfx::Font::getStringWidth(unsigned short const*, ...) const
 .text._ZNK8touchgfx4Font14getStringWidthEhPKtz
                0x08004370       0x1a ./TouchGFX/generated/texts/src/Texts.o
                0x08004370                touchgfx::Font::getStringWidth(unsigned char, unsigned short const*, ...) const
 *fill*         0x0800438a        0x2 
 .text._ZN8touchgfx5Texts11setLanguageEt
                0x0800438c       0x78 ./TouchGFX/generated/texts/src/Texts.o
                0x0800438c                touchgfx::Texts::setLanguage(unsigned short)
 .text._ZN17TypedTextDatabase15getInstanceSizeEv
                0x08004404        0x4 ./TouchGFX/generated/texts/src/TypedTextDatabase.o
                0x08004404                TypedTextDatabase::getInstanceSize()
 .text._ZN17TypedTextDatabase8getFontsEv
                0x08004408        0x8 ./TouchGFX/generated/texts/src/TypedTextDatabase.o
                0x08004408                TypedTextDatabase::getFonts()
 .text.startup._GLOBAL__sub_I_touchgfx_fonts
                0x08004410       0x1c ./TouchGFX/generated/texts/src/TypedTextDatabase.o
 .text._ZN19FrontendApplicationD2Ev
                0x0800442c        0x2 ./TouchGFX/gui/src/common/FrontendApplication.o
                0x0800442c                FrontendApplication::~FrontendApplication()
                0x0800442c                FrontendApplication::~FrontendApplication()
 .text._ZN19FrontendApplicationD0Ev
                0x0800442e       0x10 ./TouchGFX/gui/src/common/FrontendApplication.o
                0x0800442e                FrontendApplication::~FrontendApplication()
 .text._ZN19FrontendApplication15handleTickEventEv
                0x0800443e       0x16 ./TouchGFX/gui/src/common/FrontendApplication.o
                0x0800443e                FrontendApplication::handleTickEvent()
 .text._ZN19FrontendApplicationC2ER5ModelR12FrontendHeap
                0x08004454       0x14 ./TouchGFX/gui/src/common/FrontendApplication.o
                0x08004454                FrontendApplication::FrontendApplication(Model&, FrontendHeap&)
                0x08004454                FrontendApplication::FrontendApplication(Model&, FrontendHeap&)
 .text._ZN5ModelC2Ev
                0x08004468        0x6 ./TouchGFX/gui/src/model/Model.o
                0x08004468                Model::Model()
                0x08004468                Model::Model()
 *fill*         0x0800446e        0x2 
 .text._ZN5Model4tickEv
                0x08004470       0x1c ./TouchGFX/gui/src/model/Model.o
                0x08004470                Model::tick()
 .text._ZN16Screen1PresenterD2Ev
                0x0800448c        0x6 ./TouchGFX/gui/src/screen1_screen/Screen1Presenter.o
                0x0800448c                Screen1Presenter::~Screen1Presenter()
                0x0800448c                Screen1Presenter::~Screen1Presenter()
                0x0800448e                non-virtual thunk to Screen1Presenter::~Screen1Presenter()
 .text._ZN16Screen1Presenter8activateEv
                0x08004492        0x2 ./TouchGFX/gui/src/screen1_screen/Screen1Presenter.o
                0x08004492                Screen1Presenter::deactivate()
                0x08004492                Screen1Presenter::activate()
 .text._ZN16Screen1Presenter8myUpdateEv
                0x08004494        0x8 ./TouchGFX/gui/src/screen1_screen/Screen1Presenter.o
                0x08004494                Screen1Presenter::myUpdate()
 .text._ZThn4_N16Screen1Presenter8myUpdateEv
                0x0800449c        0x8 ./TouchGFX/gui/src/screen1_screen/Screen1Presenter.o
                0x0800449c                non-virtual thunk to Screen1Presenter::myUpdate()
 .text._ZN16Screen1PresenterD0Ev
                0x080044a4       0x14 ./TouchGFX/gui/src/screen1_screen/Screen1Presenter.o
                0x080044a4                Screen1Presenter::~Screen1Presenter()
                0x080044b2                non-virtual thunk to Screen1Presenter::~Screen1Presenter()
 .text._ZN16Screen1PresenterC2ER11Screen1View
                0x080044b8       0x14 ./TouchGFX/gui/src/screen1_screen/Screen1Presenter.o
                0x080044b8                Screen1Presenter::Screen1Presenter(Screen1View&)
                0x080044b8                Screen1Presenter::Screen1Presenter(Screen1View&)
 .text._ZN11Screen1View14tearDownScreenEv
                0x080044cc        0x2 ./TouchGFX/gui/src/screen1_screen/Screen1View.o
                0x080044cc                Screen1View::tearDownScreen()
 *fill*         0x080044ce        0x2 
 .text._ZN11Screen1ViewD2Ev
                0x080044d0       0x14 ./TouchGFX/gui/src/screen1_screen/Screen1View.o
                0x080044d0                Screen1View::~Screen1View()
                0x080044d0                Screen1View::~Screen1View()
 .text._ZN11Screen1ViewD0Ev
                0x080044e4       0x16 ./TouchGFX/gui/src/screen1_screen/Screen1View.o
                0x080044e4                Screen1View::~Screen1View()
 *fill*         0x080044fa        0x2 
 .text._ZN11Screen1ViewC2Ev
                0x080044fc       0x14 ./TouchGFX/gui/src/screen1_screen/Screen1View.o
                0x080044fc                Screen1View::Screen1View()
                0x080044fc                Screen1View::Screen1View()
 .text._ZN11Screen1View11setupScreenEv
                0x08004510        0x4 ./TouchGFX/gui/src/screen1_screen/Screen1View.o
                0x08004510                Screen1View::setupScreen()
 .text._ZN11Screen1View13myUpdateGaugeEv
                0x08004514       0x2c ./TouchGFX/gui/src/screen1_screen/Screen1View.o
                0x08004514                Screen1View::myUpdateGauge()
 .text._ZN20STM32TouchController4initEv
                0x08004540        0x2 ./TouchGFX/target/STM32TouchController.o
                0x08004540                STM32TouchController::init()
 .text._ZN20STM32TouchController11sampleTouchERlS0_
                0x08004542        0x4 ./TouchGFX/target/STM32TouchController.o
                0x08004542                STM32TouchController::sampleTouch(long&, long&)
 .text._ZN20STM32TouchControllerD2Ev
                0x08004546        0x2 ./TouchGFX/target/STM32TouchController.o
                0x08004546                STM32TouchController::~STM32TouchController()
                0x08004546                STM32TouchController::~STM32TouchController()
 .text._ZN20STM32TouchControllerD0Ev
                0x08004548        0xe ./TouchGFX/target/STM32TouchController.o
                0x08004548                STM32TouchController::~STM32TouchController()
 .text._ZN8touchgfx3HAL21setDisplayOrientationENS_18DisplayOrientationE
                0x08004556        0xc ./TouchGFX/target/TouchGFXHAL.o
                0x08004556                touchgfx::HAL::setDisplayOrientation(touchgfx::DisplayOrientation)
 .text._ZN8touchgfx3HAL9sampleKeyERh
                0x08004562        0x4 ./TouchGFX/target/TouchGFXHAL.o
                0x08004562                touchgfx::HAL::sampleKey(unsigned char&)
 *fill*         0x08004566        0x2 
 .text._ZN8touchgfx3HAL19setAnimationStorageEPv
                0x08004568       0x14 ./TouchGFX/target/TouchGFXHAL.o
                0x08004568                touchgfx::HAL::setAnimationStorage(void*)
 .text._ZNK8touchgfx3HAL18getFlashDataReaderEv
                0x0800457c        0x4 ./TouchGFX/target/TouchGFXHAL.o
                0x0800457c                touchgfx::HAL::getFlashDataReader() const
 .text._ZN8touchgfx3HAL9taskDelayEt
                0x08004580        0xa ./TouchGFX/target/TouchGFXHAL.o
                0x08004580                touchgfx::HAL::taskDelay(unsigned short)
 .text._ZN8touchgfx3HAL17getTFTCurrentLineEv
                0x0800458a        0x6 ./TouchGFX/target/TouchGFXHAL.o
                0x0800458a                touchgfx::HAL::getTFTCurrentLine()
 .text._ZN8touchgfx3HAL10getDMATypeEv
                0x08004590        0x8 ./TouchGFX/target/TouchGFXHAL.o
                0x08004590                touchgfx::HAL::getDMAType()
 .text._ZN8touchgfx3HAL15InvalidateCacheEv
                0x08004598        0x2 ./TouchGFX/target/TouchGFXHAL.o
                0x08004598                touchgfx::HAL::InvalidateCache()
 .text._ZN8touchgfx3HAL10FlushCacheEv
                0x0800459a        0x2 ./TouchGFX/target/TouchGFXHAL.o
                0x0800459a                touchgfx::HAL::FlushCache()
 .text._ZN11TouchGFXHALD2Ev
                0x0800459c        0x2 ./TouchGFX/target/TouchGFXHAL.o
                0x0800459c                TouchGFXHAL::~TouchGFXHAL()
                0x0800459c                TouchGFXHAL::~TouchGFXHAL()
 .text._ZN11TouchGFXHAL10initializeEv
                0x0800459e        0x4 ./TouchGFX/target/TouchGFXHAL.o
                0x0800459e                TouchGFXHAL::initialize()
 .text._ZNK11TouchGFXHAL17getTFTFrameBufferEv
                0x080045a2        0x4 ./TouchGFX/target/TouchGFXHAL.o
                0x080045a2                TouchGFXHAL::getTFTFrameBuffer() const
 .text._ZN11TouchGFXHAL17setTFTFrameBufferEPt
                0x080045a6        0x4 ./TouchGFX/target/TouchGFXHAL.o
                0x080045a6                TouchGFXHAL::setTFTFrameBuffer(unsigned short*)
 .text._ZN11TouchGFXHAL16flushFrameBufferERKN8touchgfx4RectE
                0x080045aa        0x4 ./TouchGFX/target/TouchGFXHAL.o
                0x080045aa                TouchGFXHAL::flushFrameBuffer(touchgfx::Rect const&)
 .text._ZN11TouchGFXHAL9blockCopyEPvPKvm
                0x080045ae        0x4 ./TouchGFX/target/TouchGFXHAL.o
                0x080045ae                TouchGFXHAL::blockCopy(void*, void const*, unsigned long)
 .text._ZN11TouchGFXHAL19configureInterruptsEv
                0x080045b2        0x4 ./TouchGFX/target/TouchGFXHAL.o
                0x080045b2                TouchGFXHAL::configureInterrupts()
 .text._ZN11TouchGFXHAL16enableInterruptsEv
                0x080045b6        0x4 ./TouchGFX/target/TouchGFXHAL.o
                0x080045b6                TouchGFXHAL::enableInterrupts()
 .text._ZN11TouchGFXHAL17disableInterruptsEv
                0x080045ba        0x4 ./TouchGFX/target/TouchGFXHAL.o
                0x080045ba                TouchGFXHAL::disableInterrupts()
 .text._ZN11TouchGFXHAL28enableLCDControllerInterruptEv
                0x080045be        0x4 ./TouchGFX/target/TouchGFXHAL.o
                0x080045be                TouchGFXHAL::enableLCDControllerInterrupt()
 .text._ZN11TouchGFXHAL10beginFrameEv
                0x080045c2        0x4 ./TouchGFX/target/TouchGFXHAL.o
                0x080045c2                TouchGFXHAL::beginFrame()
 .text._ZN11TouchGFXHAL8endFrameEv
                0x080045c6        0x4 ./TouchGFX/target/TouchGFXHAL.o
                0x080045c6                TouchGFXHAL::endFrame()
 .text._ZN8touchgfx3HAL15backPorchExitedEv
                0x080045ca       0x16 ./TouchGFX/target/TouchGFXHAL.o
                0x080045ca                touchgfx::HAL::backPorchExited()
 .text._ZN11TouchGFXHAL16flushFrameBufferEv
                0x080045e0        0x4 ./TouchGFX/target/TouchGFXHAL.o
                0x080045e0                TouchGFXHAL::flushFrameBuffer()
 .text._ZN11TouchGFXHALD0Ev
                0x080045e4        0xe ./TouchGFX/target/TouchGFXHAL.o
                0x080045e4                TouchGFXHAL::~TouchGFXHAL()
 *fill*         0x080045f2        0x2 
 .text._ZN8touchgfx3HAL31performDisplayOrientationChangeEv
                0x080045f4       0x48 ./TouchGFX/target/TouchGFXHAL.o
                0x080045f4                touchgfx::HAL::performDisplayOrientationChange()
 .text._ZN8touchgfx3HAL28setFrameBufferStartAddressesEPvS1_S1_
                0x0800463c       0x40 ./TouchGFX/target/TouchGFXHAL.o
                0x0800463c                touchgfx::HAL::setFrameBufferStartAddresses(void*, void*, void*)
 .text._ZN8touchgfx3HAL18setFrameBufferSizeEtt
                0x0800467c       0x44 ./TouchGFX/target/TouchGFXHAL.o
                0x0800467c                touchgfx::HAL::setFrameBufferSize(unsigned short, unsigned short)
 .text._ZN8touchgfx3HAL11getBlitCapsEv
                0x080046c0       0x12 ./TouchGFX/target/TouchGFXHAL.o
                0x080046c0                touchgfx::HAL::getBlitCaps()
 *fill*         0x080046d2        0x2 
 .text._ZN8touchgfx10OSWrappers11signalVSyncEv
                0x080046d4        0xc ./TouchGFX/target/generated/OSWrappers.o
                0x080046d4                touchgfx::OSWrappers::signalVSync()
 .text._ZN8touchgfx10OSWrappers19signalRenderingDoneEv
                0x080046e0        0xc ./TouchGFX/target/generated/OSWrappers.o
                0x080046e0                touchgfx::OSWrappers::signalRenderingDone()
 .text._ZN8touchgfx10OSWrappers16isVSyncAvailableEv
                0x080046ec       0x10 ./TouchGFX/target/generated/OSWrappers.o
                0x080046ec                touchgfx::OSWrappers::isVSyncAvailable()
 .text._ZN8touchgfx13DMA_Interface10initializeEv
                0x080046fc        0x2 ./TouchGFX/target/generated/STM32DMA.o
                0x080046fc                touchgfx::DMA_Interface::initialize()
 .text._ZN8touchgfx13DMA_Interface10getDMATypeEv
                0x080046fe        0x4 ./TouchGFX/target/generated/STM32DMA.o
                0x080046fe                touchgfx::DMA_Interface::getDMAType()
 .text._ZN8STM32DMA18signalDMAInterruptEv
                0x08004702        0x2 ./TouchGFX/target/generated/STM32DMA.o
                0x08004702                STM32DMA::signalDMAInterrupt()
 .text._ZN8STM32DMA5flushEv
                0x08004704        0x2 ./TouchGFX/target/generated/STM32DMA.o
                0x08004704                STM32DMA::flush()
 .text._ZN8STM32DMA11getBlitCapsEv
                0x08004706        0x4 ./TouchGFX/target/generated/STM32DMA.o
                0x08004706                STM32DMA::getBlitCaps()
 .text._ZN8STM32DMAD2Ev
                0x0800470a        0x2 ./TouchGFX/target/generated/STM32DMA.o
                0x0800470a                STM32DMA::~STM32DMA()
                0x0800470a                STM32DMA::~STM32DMA()
 .text._ZN8STM32DMA13setupDataCopyERKN8touchgfx6BlitOpE
                0x0800470c       0x1c ./TouchGFX/target/generated/STM32DMA.o
                0x0800470c                STM32DMA::setupDataCopy(touchgfx::BlitOp const&)
 .text._ZN8STM32DMA13setupDataFillERKN8touchgfx6BlitOpE
                0x08004728       0x1c ./TouchGFX/target/generated/STM32DMA.o
                0x08004728                STM32DMA::setupDataFill(touchgfx::BlitOp const&)
 .text._ZN8STM32DMAD0Ev
                0x08004744        0xe ./TouchGFX/target/generated/STM32DMA.o
                0x08004744                STM32DMA::~STM32DMA()
 *fill*         0x08004752        0x2 
 .text._ZN8STM32DMAC2Ev
                0x08004754       0x28 ./TouchGFX/target/generated/STM32DMA.o
                0x08004754                STM32DMA::STM32DMA()
                0x08004754                STM32DMA::STM32DMA()
 .text._ZNK8touchgfx9PartitionINS_4meta8TypeListINS_12NoTransitionENS2_INS1_3NilES4_EEEELt1EE8capacityEv
                0x0800477c        0x4 ./TouchGFX/target/generated/TouchGFXConfiguration.o
                0x0800477c                touchgfx::Partition<touchgfx::meta::TypeList<touchgfx::NoTransition, touchgfx::meta::TypeList<touchgfx::meta::Nil, touchgfx::meta::Nil> >, (unsigned short)1>::capacity() const
 .text._ZN8touchgfx9PartitionINS_4meta8TypeListINS_12NoTransitionENS2_INS1_3NilES4_EEEELt1EE12element_sizeEv
                0x08004780        0x4 ./TouchGFX/target/generated/TouchGFXConfiguration.o
                0x08004780                touchgfx::Partition<touchgfx::meta::TypeList<touchgfx::NoTransition, touchgfx::meta::TypeList<touchgfx::meta::Nil, touchgfx::meta::Nil> >, (unsigned short)1>::element_size()
 .text._ZN8touchgfx9PartitionINS_4meta8TypeListINS_12NoTransitionENS2_INS1_3NilES4_EEEELt1EE7elementEt
                0x08004784        0xa ./TouchGFX/target/generated/TouchGFXConfiguration.o
                0x08004784                touchgfx::Partition<touchgfx::meta::TypeList<touchgfx::NoTransition, touchgfx::meta::TypeList<touchgfx::meta::Nil, touchgfx::meta::Nil> >, (unsigned short)1>::element(unsigned short)
 .text._ZNK8touchgfx9PartitionINS_4meta8TypeListINS_12NoTransitionENS2_INS1_3NilES4_EEEELt1EE7elementEt
                0x0800478e        0xa ./TouchGFX/target/generated/TouchGFXConfiguration.o
                0x0800478e                touchgfx::Partition<touchgfx::meta::TypeList<touchgfx::NoTransition, touchgfx::meta::TypeList<touchgfx::meta::Nil, touchgfx::meta::Nil> >, (unsigned short)1>::element(unsigned short) const
 .text._ZNK8touchgfx9PartitionINS_4meta8TypeListI11Screen1ViewNS2_INS1_3NilES4_EEEELt1EE8capacityEv
                0x08004798        0x4 ./TouchGFX/target/generated/TouchGFXConfiguration.o
                0x08004798                touchgfx::Partition<touchgfx::meta::TypeList<Screen1View, touchgfx::meta::TypeList<touchgfx::meta::Nil, touchgfx::meta::Nil> >, (unsigned short)1>::capacity() const
 .text._ZN8touchgfx9PartitionINS_4meta8TypeListI11Screen1ViewNS2_INS1_3NilES4_EEEELt1EE12element_sizeEv
                0x0800479c        0x6 ./TouchGFX/target/generated/TouchGFXConfiguration.o
                0x0800479c                touchgfx::Partition<touchgfx::meta::TypeList<Screen1View, touchgfx::meta::TypeList<touchgfx::meta::Nil, touchgfx::meta::Nil> >, (unsigned short)1>::element_size()
 .text._ZN8touchgfx9PartitionINS_4meta8TypeListI11Screen1ViewNS2_INS1_3NilES4_EEEELt1EE7elementEt
                0x080047a2        0xc ./TouchGFX/target/generated/TouchGFXConfiguration.o
                0x080047a2                touchgfx::Partition<touchgfx::meta::TypeList<Screen1View, touchgfx::meta::TypeList<touchgfx::meta::Nil, touchgfx::meta::Nil> >, (unsigned short)1>::element(unsigned short)
 .text._ZNK8touchgfx9PartitionINS_4meta8TypeListI11Screen1ViewNS2_INS1_3NilES4_EEEELt1EE7elementEt
                0x080047ae        0xc ./TouchGFX/target/generated/TouchGFXConfiguration.o
                0x080047ae                touchgfx::Partition<touchgfx::meta::TypeList<Screen1View, touchgfx::meta::TypeList<touchgfx::meta::Nil, touchgfx::meta::Nil> >, (unsigned short)1>::element(unsigned short) const
 .text._ZNK8touchgfx9PartitionINS_4meta8TypeListI16Screen1PresenterNS2_INS1_3NilES4_EEEELt1EE8capacityEv
                0x080047ba        0x4 ./TouchGFX/target/generated/TouchGFXConfiguration.o
                0x080047ba                touchgfx::Partition<touchgfx::meta::TypeList<Screen1Presenter, touchgfx::meta::TypeList<touchgfx::meta::Nil, touchgfx::meta::Nil> >, (unsigned short)1>::capacity() const
 .text._ZN8touchgfx9PartitionINS_4meta8TypeListI16Screen1PresenterNS2_INS1_3NilES4_EEEELt1EE12element_sizeEv
                0x080047be        0x4 ./TouchGFX/target/generated/TouchGFXConfiguration.o
                0x080047be                touchgfx::Partition<touchgfx::meta::TypeList<Screen1Presenter, touchgfx::meta::TypeList<touchgfx::meta::Nil, touchgfx::meta::Nil> >, (unsigned short)1>::element_size()
 .text._ZN8touchgfx9PartitionINS_4meta8TypeListI16Screen1PresenterNS2_INS1_3NilES4_EEEELt1EE7elementEt
                0x080047c2        0x8 ./TouchGFX/target/generated/TouchGFXConfiguration.o
                0x080047c2                touchgfx::Partition<touchgfx::meta::TypeList<Screen1Presenter, touchgfx::meta::TypeList<touchgfx::meta::Nil, touchgfx::meta::Nil> >, (unsigned short)1>::element(unsigned short)
 .text._ZNK8touchgfx9PartitionINS_4meta8TypeListI16Screen1PresenterNS2_INS1_3NilES4_EEEELt1EE7elementEt
                0x080047ca        0x8 ./TouchGFX/target/generated/TouchGFXConfiguration.o
                0x080047ca                touchgfx::Partition<touchgfx::meta::TypeList<Screen1Presenter, touchgfx::meta::TypeList<touchgfx::meta::Nil, touchgfx::meta::Nil> >, (unsigned short)1>::element(unsigned short) const
 .text._ZN16FrontendHeapBase15gotoStartScreenER19FrontendApplication
                0x080047d2        0x6 ./TouchGFX/target/generated/TouchGFXConfiguration.o
                0x080047d2                FrontendHeapBase::gotoStartScreen(FrontendApplication&)
 .text._ZN8touchgfx9PartitionINS_4meta8TypeListINS_12NoTransitionENS2_INS1_3NilES4_EEEELt1EED2Ev
                0x080047d8       0x14 ./TouchGFX/target/generated/TouchGFXConfiguration.o
                0x080047d8                touchgfx::Partition<touchgfx::meta::TypeList<touchgfx::NoTransition, touchgfx::meta::TypeList<touchgfx::meta::Nil, touchgfx::meta::Nil> >, (unsigned short)1>::~Partition()
                0x080047d8                touchgfx::Partition<touchgfx::meta::TypeList<touchgfx::NoTransition, touchgfx::meta::TypeList<touchgfx::meta::Nil, touchgfx::meta::Nil> >, (unsigned short)1>::~Partition()
 .text._ZN8touchgfx9PartitionINS_4meta8TypeListINS_12NoTransitionENS2_INS1_3NilES4_EEEELt1EED0Ev
                0x080047ec       0x14 ./TouchGFX/target/generated/TouchGFXConfiguration.o
                0x080047ec                touchgfx::Partition<touchgfx::meta::TypeList<touchgfx::NoTransition, touchgfx::meta::TypeList<touchgfx::meta::Nil, touchgfx::meta::Nil> >, (unsigned short)1>::~Partition()
 .text._ZN8touchgfx9PartitionINS_4meta8TypeListI11Screen1ViewNS2_INS1_3NilES4_EEEELt1EED2Ev
                0x08004800       0x14 ./TouchGFX/target/generated/TouchGFXConfiguration.o
                0x08004800                touchgfx::Partition<touchgfx::meta::TypeList<Screen1View, touchgfx::meta::TypeList<touchgfx::meta::Nil, touchgfx::meta::Nil> >, (unsigned short)1>::~Partition()
                0x08004800                touchgfx::Partition<touchgfx::meta::TypeList<Screen1View, touchgfx::meta::TypeList<touchgfx::meta::Nil, touchgfx::meta::Nil> >, (unsigned short)1>::~Partition()
 .text._ZN8touchgfx9PartitionINS_4meta8TypeListI11Screen1ViewNS2_INS1_3NilES4_EEEELt1EED0Ev
                0x08004814       0x16 ./TouchGFX/target/generated/TouchGFXConfiguration.o
                0x08004814                touchgfx::Partition<touchgfx::meta::TypeList<Screen1View, touchgfx::meta::TypeList<touchgfx::meta::Nil, touchgfx::meta::Nil> >, (unsigned short)1>::~Partition()
 *fill*         0x0800482a        0x2 
 .text._ZN8touchgfx9PartitionINS_4meta8TypeListI16Screen1PresenterNS2_INS1_3NilES4_EEEELt1EED2Ev
                0x0800482c       0x14 ./TouchGFX/target/generated/TouchGFXConfiguration.o
                0x0800482c                touchgfx::Partition<touchgfx::meta::TypeList<Screen1Presenter, touchgfx::meta::TypeList<touchgfx::meta::Nil, touchgfx::meta::Nil> >, (unsigned short)1>::~Partition()
                0x0800482c                touchgfx::Partition<touchgfx::meta::TypeList<Screen1Presenter, touchgfx::meta::TypeList<touchgfx::meta::Nil, touchgfx::meta::Nil> >, (unsigned short)1>::~Partition()
 .text._ZN8touchgfx9PartitionINS_4meta8TypeListI16Screen1PresenterNS2_INS1_3NilES4_EEEELt1EED0Ev
                0x08004840       0x14 ./TouchGFX/target/generated/TouchGFXConfiguration.o
                0x08004840                touchgfx::Partition<touchgfx::meta::TypeList<Screen1Presenter, touchgfx::meta::TypeList<touchgfx::meta::Nil, touchgfx::meta::Nil> >, (unsigned short)1>::~Partition()
 .text._ZN12FrontendHeapD2Ev
                0x08004854       0x28 ./TouchGFX/target/generated/TouchGFXConfiguration.o
                0x08004854                FrontendHeap::~FrontendHeap()
                0x08004854                FrontendHeap::~FrontendHeap()
 .text.__tcf_0  0x0800487c       0x10 ./TouchGFX/target/generated/TouchGFXConfiguration.o
 .text._ZN12FrontendHeapD0Ev
                0x0800488c       0x16 ./TouchGFX/target/generated/TouchGFXConfiguration.o
                0x0800488c                FrontendHeap::~FrontendHeap()
 *fill*         0x080048a2        0x2 
 .text.touchgfx_init
                0x080048a4       0xe0 ./TouchGFX/target/generated/TouchGFXConfiguration.o
                0x080048a4                touchgfx_init
 .text.touchgfx_components_init
                0x08004984        0x2 ./TouchGFX/target/generated/TouchGFXConfiguration.o
                0x08004984                touchgfx_components_init
 *fill*         0x08004986        0x2 
 .text.touchgfx_taskEntry
                0x08004988       0x20 ./TouchGFX/target/generated/TouchGFXConfiguration.o
                0x08004988                touchgfx_taskEntry
 .text.startup._GLOBAL__sub_I_touchgfx_init
                0x080049a8       0xc4 ./TouchGFX/target/generated/TouchGFXConfiguration.o
 .text._ZN20TouchGFXGeneratedHAL19configureInterruptsEv
                0x08004a6c        0x2 ./TouchGFX/target/generated/TouchGFXGeneratedHAL.o
                0x08004a6c                TouchGFXGeneratedHAL::enableLCDControllerInterrupt()
                0x08004a6c                TouchGFXGeneratedHAL::disableInterrupts()
                0x08004a6c                TouchGFXGeneratedHAL::configureInterrupts()
                0x08004a6c                TouchGFXGeneratedHAL::enableInterrupts()
 .text._ZNK20TouchGFXGeneratedHAL17getTFTFrameBufferEv
                0x08004a6e        0x4 ./TouchGFX/target/generated/TouchGFXGeneratedHAL.o
                0x08004a6e                TouchGFXGeneratedHAL::getTFTFrameBuffer() const
 .text._ZN20TouchGFXGeneratedHAL17setTFTFrameBufferEPt
                0x08004a72        0x2 ./TouchGFX/target/generated/TouchGFXGeneratedHAL.o
                0x08004a72                TouchGFXGeneratedHAL::setTFTFrameBuffer(unsigned short*)
 .text._ZN8touchgfx18ManyBlockAllocatorILm2048ELm3ELm2EED2Ev
                0x08004a74        0x2 ./TouchGFX/target/generated/TouchGFXGeneratedHAL.o
                0x08004a74                touchgfx::ManyBlockAllocator<2048ul, 3ul, 2ul>::~ManyBlockAllocator()
                0x08004a74                touchgfx::ManyBlockAllocator<2048ul, 3ul, 2ul>::~ManyBlockAllocator()
 .text._ZN8touchgfx18ManyBlockAllocatorILm2048ELm3ELm2EE24hasBlockReadyForTransferEv
                0x08004a76       0x1a ./TouchGFX/target/generated/TouchGFXGeneratedHAL.o
                0x08004a76                touchgfx::ManyBlockAllocator<2048ul, 3ul, 2ul>::hasBlockReadyForTransfer()
 .text._ZN8touchgfx18ManyBlockAllocatorILm2048ELm3ELm2EE13hasEmptyBlockEv
                0x08004a90       0x1e ./TouchGFX/target/generated/TouchGFXGeneratedHAL.o
                0x08004a90                touchgfx::ManyBlockAllocator<2048ul, 3ul, 2ul>::hasEmptyBlock()
 *fill*         0x08004aae        0x2 
 .text._ZN20TouchGFXGeneratedHAL10initializeEv
                0x08004ab0       0x38 ./TouchGFX/target/generated/TouchGFXGeneratedHAL.o
                0x08004ab0                TouchGFXGeneratedHAL::initialize()
 .text._ZN20TouchGFXGeneratedHAL10beginFrameEv
                0x08004ae8        0x4 ./TouchGFX/target/generated/TouchGFXGeneratedHAL.o
                0x08004ae8                TouchGFXGeneratedHAL::beginFrame()
 .text._ZN20TouchGFXGeneratedHAL8endFrameEv
                0x08004aec       0x1a ./TouchGFX/target/generated/TouchGFXGeneratedHAL.o
                0x08004aec                TouchGFXGeneratedHAL::endFrame()
 .text._ZN20TouchGFXGeneratedHAL9blockCopyEPvPKvm
                0x08004b06        0x4 ./TouchGFX/target/generated/TouchGFXGeneratedHAL.o
                0x08004b06                TouchGFXGeneratedHAL::blockCopy(void*, void const*, unsigned long)
 .text._ZN8touchgfx18ManyBlockAllocatorILm2048ELm3ELm2EED0Ev
                0x08004b0a       0x10 ./TouchGFX/target/generated/TouchGFXGeneratedHAL.o
                0x08004b0a                touchgfx::ManyBlockAllocator<2048ul, 3ul, 2ul>::~ManyBlockAllocator()
 *fill*         0x08004b1a        0x2 
 .text._ZN8touchgfx18ManyBlockAllocatorILm2048ELm3ELm2EE19getBlockForTransferERNS_4RectE
                0x08004b1c       0x58 ./TouchGFX/target/generated/TouchGFXGeneratedHAL.o
                0x08004b1c                touchgfx::ManyBlockAllocator<2048ul, 3ul, 2ul>::getBlockForTransfer(touchgfx::Rect&)
 .text._ZN8touchgfx18ManyBlockAllocatorILm2048ELm3ELm2EE22freeBlockAfterTransferEv
                0x08004b74       0x30 ./TouchGFX/target/generated/TouchGFXGeneratedHAL.o
                0x08004b74                touchgfx::ManyBlockAllocator<2048ul, 3ul, 2ul>::freeBlockAfterTransfer()
 .text._ZN8touchgfx18ManyBlockAllocatorILm2048ELm3ELm2EE20peekBlockForTransferEv
                0x08004ba4       0x40 ./TouchGFX/target/generated/TouchGFXGeneratedHAL.o
                0x08004ba4                touchgfx::ManyBlockAllocator<2048ul, 3ul, 2ul>::peekBlockForTransfer()
 .text._ZN8touchgfx18ManyBlockAllocatorILm2048ELm3ELm2EE13allocateBlockEttttPPh
                0x08004be4       0x78 ./TouchGFX/target/generated/TouchGFXGeneratedHAL.o
                0x08004be4                touchgfx::ManyBlockAllocator<2048ul, 3ul, 2ul>::allocateBlock(unsigned short, unsigned short, unsigned short, unsigned short, unsigned char**)
 .text._ZN8touchgfx18ManyBlockAllocatorILm2048ELm3ELm2EE25markBlockReadyForTransferEv
                0x08004c5c       0x30 ./TouchGFX/target/generated/TouchGFXGeneratedHAL.o
                0x08004c5c                touchgfx::ManyBlockAllocator<2048ul, 3ul, 2ul>::markBlockReadyForTransfer()
 .text._ZN20TouchGFXGeneratedHAL16flushFrameBufferERKN8touchgfx4RectE
                0x08004c8c       0x40 ./TouchGFX/target/generated/TouchGFXGeneratedHAL.o
                0x08004c8c                TouchGFXGeneratedHAL::flushFrameBuffer(touchgfx::Rect const&)
 .text._ZN8touchgfx16startNewTransferEv
                0x08004ccc       0x48 ./TouchGFX/target/generated/TouchGFXGeneratedHAL.o
                0x08004ccc                touchgfx::startNewTransfer()
 .text.DisplayDriver_TransferCompleteCallback
                0x08004d14        0x4 ./TouchGFX/target/generated/TouchGFXGeneratedHAL.o
                0x08004d14                DisplayDriver_TransferCompleteCallback
 .text.touchgfxSignalVSync
                0x08004d18       0x18 ./TouchGFX/target/generated/TouchGFXGeneratedHAL.o
                0x08004d18                touchgfxSignalVSync
 .text.startup._GLOBAL__sub_I__ZN8touchgfx5paint12setL8PaletteEPKh
                0x08004d30       0x44 ./TouchGFX/target/generated/TouchGFXGeneratedHAL.o
 .text._ZdlPvj  0x08004d74        0x4 C:/ST/STM32CubeIDE_1.16.0/STM32CubeIDE/plugins/com.st.stm32cube.ide.mcu.externaltools.gnu-tools-for-stm32.12.3.rel1.win32_1.0.200.202406191623/tools/bin/../lib/gcc/arm-none-eabi/12.3.1/../../../../arm-none-eabi/lib/thumb/v8-m.main+fp/hard\libstdc++_nano.a(del_ops.o)
                0x08004d74                operator delete(void*, unsigned int)
 .text.__cxa_guard_acquire
                0x08004d78       0x18 C:/ST/STM32CubeIDE_1.16.0/STM32CubeIDE/plugins/com.st.stm32cube.ide.mcu.externaltools.gnu-tools-for-stm32.12.3.rel1.win32_1.0.200.202406191623/tools/bin/../lib/gcc/arm-none-eabi/12.3.1/../../../../arm-none-eabi/lib/thumb/v8-m.main+fp/hard\libstdc++_nano.a(guard.o)
                0x08004d78                __cxa_guard_acquire
 .text.__cxa_guard_release
                0x08004d90        0x6 C:/ST/STM32CubeIDE_1.16.0/STM32CubeIDE/plugins/com.st.stm32cube.ide.mcu.externaltools.gnu-tools-for-stm32.12.3.rel1.win32_1.0.200.202406191623/tools/bin/../lib/gcc/arm-none-eabi/12.3.1/../../../../arm-none-eabi/lib/thumb/v8-m.main+fp/hard\libstdc++_nano.a(guard.o)
                0x08004d90                __cxa_guard_release
 .text._ZdlPv   0x08004d96        0x4 C:/ST/STM32CubeIDE_1.16.0/STM32CubeIDE/plugins/com.st.stm32cube.ide.mcu.externaltools.gnu-tools-for-stm32.12.3.rel1.win32_1.0.200.202406191623/tools/bin/../lib/gcc/arm-none-eabi/12.3.1/../../../../arm-none-eabi/lib/thumb/v8-m.main+fp/hard\libstdc++_nano.a(del_op.o)
                0x08004d96                operator delete(void*)
 *fill*         0x08004d9a        0x2 
 .text.__assert_func
                0x08004d9c       0x3c C:/ST/STM32CubeIDE_1.16.0/STM32CubeIDE/plugins/com.st.stm32cube.ide.mcu.externaltools.gnu-tools-for-stm32.12.3.rel1.win32_1.0.200.202406191623/tools/bin/../lib/gcc/arm-none-eabi/12.3.1/../../../../arm-none-eabi/lib/thumb/v8-m.main+fp/hard\libc_nano.a(libc_a-assert.o)
                0x08004d9c                __assert_func
 .text.atexit   0x08004dd8        0xc C:/ST/STM32CubeIDE_1.16.0/STM32CubeIDE/plugins/com.st.stm32cube.ide.mcu.externaltools.gnu-tools-for-stm32.12.3.rel1.win32_1.0.200.202406191623/tools/bin/../lib/gcc/arm-none-eabi/12.3.1/../../../../arm-none-eabi/lib/thumb/v8-m.main+fp/hard\libc_nano.a(libc_a-atexit.o)
                0x08004dd8                atexit
 .text.malloc   0x08004de4       0x10 C:/ST/STM32CubeIDE_1.16.0/STM32CubeIDE/plugins/com.st.stm32cube.ide.mcu.externaltools.gnu-tools-for-stm32.12.3.rel1.win32_1.0.200.202406191623/tools/bin/../lib/gcc/arm-none-eabi/12.3.1/../../../../arm-none-eabi/lib/thumb/v8-m.main+fp/hard\libc_nano.a(libc_a-malloc.o)
                0x08004de4                malloc
 .text.free     0x08004df4       0x10 C:/ST/STM32CubeIDE_1.16.0/STM32CubeIDE/plugins/com.st.stm32cube.ide.mcu.externaltools.gnu-tools-for-stm32.12.3.rel1.win32_1.0.200.202406191623/tools/bin/../lib/gcc/arm-none-eabi/12.3.1/../../../../arm-none-eabi/lib/thumb/v8-m.main+fp/hard\libc_nano.a(libc_a-malloc.o)
                0x08004df4                free
 .text.sbrk_aligned
                0x08004e04       0x44 C:/ST/STM32CubeIDE_1.16.0/STM32CubeIDE/plugins/com.st.stm32cube.ide.mcu.externaltools.gnu-tools-for-stm32.12.3.rel1.win32_1.0.200.202406191623/tools/bin/../lib/gcc/arm-none-eabi/12.3.1/../../../../arm-none-eabi/lib/thumb/v8-m.main+fp/hard\libc_nano.a(libc_a-mallocr.o)
 .text._malloc_r
                0x08004e48      0x100 C:/ST/STM32CubeIDE_1.16.0/STM32CubeIDE/plugins/com.st.stm32cube.ide.mcu.externaltools.gnu-tools-for-stm32.12.3.rel1.win32_1.0.200.202406191623/tools/bin/../lib/gcc/arm-none-eabi/12.3.1/../../../../arm-none-eabi/lib/thumb/v8-m.main+fp/hard\libc_nano.a(libc_a-mallocr.o)
                0x08004e48                _malloc_r
 .text.__malloc_lock
                0x08004f48        0xc C:/ST/STM32CubeIDE_1.16.0/STM32CubeIDE/plugins/com.st.stm32cube.ide.mcu.externaltools.gnu-tools-for-stm32.12.3.rel1.win32_1.0.200.202406191623/tools/bin/../lib/gcc/arm-none-eabi/12.3.1/../../../../arm-none-eabi/lib/thumb/v8-m.main+fp/hard\libc_nano.a(libc_a-mlock.o)
                0x08004f48                __malloc_lock
 .text.__malloc_unlock
                0x08004f54        0xc C:/ST/STM32CubeIDE_1.16.0/STM32CubeIDE/plugins/com.st.stm32cube.ide.mcu.externaltools.gnu-tools-for-stm32.12.3.rel1.win32_1.0.200.202406191623/tools/bin/../lib/gcc/arm-none-eabi/12.3.1/../../../../arm-none-eabi/lib/thumb/v8-m.main+fp/hard\libc_nano.a(libc_a-mlock.o)
                0x08004f54                __malloc_unlock
 .text.std      0x08004f60       0x6c C:/ST/STM32CubeIDE_1.16.0/STM32CubeIDE/plugins/com.st.stm32cube.ide.mcu.externaltools.gnu-tools-for-stm32.12.3.rel1.win32_1.0.200.202406191623/tools/bin/../lib/gcc/arm-none-eabi/12.3.1/../../../../arm-none-eabi/lib/thumb/v8-m.main+fp/hard\libc_nano.a(libc_a-findfp.o)
 .text.stdio_exit_handler
                0x08004fcc       0x18 C:/ST/STM32CubeIDE_1.16.0/STM32CubeIDE/plugins/com.st.stm32cube.ide.mcu.externaltools.gnu-tools-for-stm32.12.3.rel1.win32_1.0.200.202406191623/tools/bin/../lib/gcc/arm-none-eabi/12.3.1/../../../../arm-none-eabi/lib/thumb/v8-m.main+fp/hard\libc_nano.a(libc_a-findfp.o)
 .text.cleanup_stdio
                0x08004fe4       0x40 C:/ST/STM32CubeIDE_1.16.0/STM32CubeIDE/plugins/com.st.stm32cube.ide.mcu.externaltools.gnu-tools-for-stm32.12.3.rel1.win32_1.0.200.202406191623/tools/bin/../lib/gcc/arm-none-eabi/12.3.1/../../../../arm-none-eabi/lib/thumb/v8-m.main+fp/hard\libc_nano.a(libc_a-findfp.o)
 .text.global_stdio_init.part.0
                0x08005024       0x3c C:/ST/STM32CubeIDE_1.16.0/STM32CubeIDE/plugins/com.st.stm32cube.ide.mcu.externaltools.gnu-tools-for-stm32.12.3.rel1.win32_1.0.200.202406191623/tools/bin/../lib/gcc/arm-none-eabi/12.3.1/../../../../arm-none-eabi/lib/thumb/v8-m.main+fp/hard\libc_nano.a(libc_a-findfp.o)
 .text.__sfp_lock_acquire
                0x08005060        0xc C:/ST/STM32CubeIDE_1.16.0/STM32CubeIDE/plugins/com.st.stm32cube.ide.mcu.externaltools.gnu-tools-for-stm32.12.3.rel1.win32_1.0.200.202406191623/tools/bin/../lib/gcc/arm-none-eabi/12.3.1/../../../../arm-none-eabi/lib/thumb/v8-m.main+fp/hard\libc_nano.a(libc_a-findfp.o)
                0x08005060                __sfp_lock_acquire
 .text.__sfp_lock_release
                0x0800506c        0xc C:/ST/STM32CubeIDE_1.16.0/STM32CubeIDE/plugins/com.st.stm32cube.ide.mcu.externaltools.gnu-tools-for-stm32.12.3.rel1.win32_1.0.200.202406191623/tools/bin/../lib/gcc/arm-none-eabi/12.3.1/../../../../arm-none-eabi/lib/thumb/v8-m.main+fp/hard\libc_nano.a(libc_a-findfp.o)
                0x0800506c                __sfp_lock_release
 .text.__sinit  0x08005078       0x30 C:/ST/STM32CubeIDE_1.16.0/STM32CubeIDE/plugins/com.st.stm32cube.ide.mcu.externaltools.gnu-tools-for-stm32.12.3.rel1.win32_1.0.200.202406191623/tools/bin/../lib/gcc/arm-none-eabi/12.3.1/../../../../arm-none-eabi/lib/thumb/v8-m.main+fp/hard\libc_nano.a(libc_a-findfp.o)
                0x08005078                __sinit
 .text.fprintf  0x080050a8       0x24 C:/ST/STM32CubeIDE_1.16.0/STM32CubeIDE/plugins/com.st.stm32cube.ide.mcu.externaltools.gnu-tools-for-stm32.12.3.rel1.win32_1.0.200.202406191623/tools/bin/../lib/gcc/arm-none-eabi/12.3.1/../../../../arm-none-eabi/lib/thumb/v8-m.main+fp/hard\libc_nano.a(libc_a-fprintf.o)
                0x080050a8                fiprintf
                0x080050a8                fprintf
 .text._fwalk_sglue
                0x080050cc       0x3c C:/ST/STM32CubeIDE_1.16.0/STM32CubeIDE/plugins/com.st.stm32cube.ide.mcu.externaltools.gnu-tools-for-stm32.12.3.rel1.win32_1.0.200.202406191623/tools/bin/../lib/gcc/arm-none-eabi/12.3.1/../../../../arm-none-eabi/lib/thumb/v8-m.main+fp/hard\libc_nano.a(libc_a-fwalk.o)
                0x080050cc                _fwalk_sglue
 .text.__sread  0x08005108       0x22 C:/ST/STM32CubeIDE_1.16.0/STM32CubeIDE/plugins/com.st.stm32cube.ide.mcu.externaltools.gnu-tools-for-stm32.12.3.rel1.win32_1.0.200.202406191623/tools/bin/../lib/gcc/arm-none-eabi/12.3.1/../../../../arm-none-eabi/lib/thumb/v8-m.main+fp/hard\libc_nano.a(libc_a-stdio.o)
                0x08005108                __sread
 .text.__swrite
                0x0800512a       0x38 C:/ST/STM32CubeIDE_1.16.0/STM32CubeIDE/plugins/com.st.stm32cube.ide.mcu.externaltools.gnu-tools-for-stm32.12.3.rel1.win32_1.0.200.202406191623/tools/bin/../lib/gcc/arm-none-eabi/12.3.1/../../../../arm-none-eabi/lib/thumb/v8-m.main+fp/hard\libc_nano.a(libc_a-stdio.o)
                0x0800512a                __swrite
 .text.__sseek  0x08005162       0x24 C:/ST/STM32CubeIDE_1.16.0/STM32CubeIDE/plugins/com.st.stm32cube.ide.mcu.externaltools.gnu-tools-for-stm32.12.3.rel1.win32_1.0.200.202406191623/tools/bin/../lib/gcc/arm-none-eabi/12.3.1/../../../../arm-none-eabi/lib/thumb/v8-m.main+fp/hard\libc_nano.a(libc_a-stdio.o)
                0x08005162                __sseek
 .text.__sclose
                0x08005186        0x8 C:/ST/STM32CubeIDE_1.16.0/STM32CubeIDE/plugins/com.st.stm32cube.ide.mcu.externaltools.gnu-tools-for-stm32.12.3.rel1.win32_1.0.200.202406191623/tools/bin/../lib/gcc/arm-none-eabi/12.3.1/../../../../arm-none-eabi/lib/thumb/v8-m.main+fp/hard\libc_nano.a(libc_a-stdio.o)
                0x08005186                __sclose
 .text.memset   0x0800518e       0x10 C:/ST/STM32CubeIDE_1.16.0/STM32CubeIDE/plugins/com.st.stm32cube.ide.mcu.externaltools.gnu-tools-for-stm32.12.3.rel1.win32_1.0.200.202406191623/tools/bin/../lib/gcc/arm-none-eabi/12.3.1/../../../../arm-none-eabi/lib/thumb/v8-m.main+fp/hard\libc_nano.a(libc_a-memset.o)
                0x0800518e                memset
 *fill*         0x0800519e        0x2 
 .text._close_r
                0x080051a0       0x20 C:/ST/STM32CubeIDE_1.16.0/STM32CubeIDE/plugins/com.st.stm32cube.ide.mcu.externaltools.gnu-tools-for-stm32.12.3.rel1.win32_1.0.200.202406191623/tools/bin/../lib/gcc/arm-none-eabi/12.3.1/../../../../arm-none-eabi/lib/thumb/v8-m.main+fp/hard\libc_nano.a(libc_a-closer.o)
                0x080051a0                _close_r
 .text._lseek_r
                0x080051c0       0x24 C:/ST/STM32CubeIDE_1.16.0/STM32CubeIDE/plugins/com.st.stm32cube.ide.mcu.externaltools.gnu-tools-for-stm32.12.3.rel1.win32_1.0.200.202406191623/tools/bin/../lib/gcc/arm-none-eabi/12.3.1/../../../../arm-none-eabi/lib/thumb/v8-m.main+fp/hard\libc_nano.a(libc_a-lseekr.o)
                0x080051c0                _lseek_r
 .text._read_r  0x080051e4       0x24 C:/ST/STM32CubeIDE_1.16.0/STM32CubeIDE/plugins/com.st.stm32cube.ide.mcu.externaltools.gnu-tools-for-stm32.12.3.rel1.win32_1.0.200.202406191623/tools/bin/../lib/gcc/arm-none-eabi/12.3.1/../../../../arm-none-eabi/lib/thumb/v8-m.main+fp/hard\libc_nano.a(libc_a-readr.o)
                0x080051e4                _read_r
 .text._sbrk_r  0x08005208       0x20 C:/ST/STM32CubeIDE_1.16.0/STM32CubeIDE/plugins/com.st.stm32cube.ide.mcu.externaltools.gnu-tools-for-stm32.12.3.rel1.win32_1.0.200.202406191623/tools/bin/../lib/gcc/arm-none-eabi/12.3.1/../../../../arm-none-eabi/lib/thumb/v8-m.main+fp/hard\libc_nano.a(libc_a-sbrkr.o)
                0x08005208                _sbrk_r
 .text._write_r
                0x08005228       0x24 C:/ST/STM32CubeIDE_1.16.0/STM32CubeIDE/plugins/com.st.stm32cube.ide.mcu.externaltools.gnu-tools-for-stm32.12.3.rel1.win32_1.0.200.202406191623/tools/bin/../lib/gcc/arm-none-eabi/12.3.1/../../../../arm-none-eabi/lib/thumb/v8-m.main+fp/hard\libc_nano.a(libc_a-writer.o)
                0x08005228                _write_r
 .text.__errno  0x0800524c        0xc C:/ST/STM32CubeIDE_1.16.0/STM32CubeIDE/plugins/com.st.stm32cube.ide.mcu.externaltools.gnu-tools-for-stm32.12.3.rel1.win32_1.0.200.202406191623/tools/bin/../lib/gcc/arm-none-eabi/12.3.1/../../../../arm-none-eabi/lib/thumb/v8-m.main+fp/hard\libc_nano.a(libc_a-errno.o)
                0x0800524c                __errno
 .text.__libc_init_array
                0x08005258       0x48 C:/ST/STM32CubeIDE_1.16.0/STM32CubeIDE/plugins/com.st.stm32cube.ide.mcu.externaltools.gnu-tools-for-stm32.12.3.rel1.win32_1.0.200.202406191623/tools/bin/../lib/gcc/arm-none-eabi/12.3.1/../../../../arm-none-eabi/lib/thumb/v8-m.main+fp/hard\libc_nano.a(libc_a-init.o)
                0x08005258                __libc_init_array
 .text.__retarget_lock_init_recursive
                0x080052a0        0x2 C:/ST/STM32CubeIDE_1.16.0/STM32CubeIDE/plugins/com.st.stm32cube.ide.mcu.externaltools.gnu-tools-for-stm32.12.3.rel1.win32_1.0.200.202406191623/tools/bin/../lib/gcc/arm-none-eabi/12.3.1/../../../../arm-none-eabi/lib/thumb/v8-m.main+fp/hard\libc_nano.a(libc_a-lock.o)
                0x080052a0                __retarget_lock_init_recursive
 .text.__retarget_lock_acquire_recursive
                0x080052a2        0x2 C:/ST/STM32CubeIDE_1.16.0/STM32CubeIDE/plugins/com.st.stm32cube.ide.mcu.externaltools.gnu-tools-for-stm32.12.3.rel1.win32_1.0.200.202406191623/tools/bin/../lib/gcc/arm-none-eabi/12.3.1/../../../../arm-none-eabi/lib/thumb/v8-m.main+fp/hard\libc_nano.a(libc_a-lock.o)
                0x080052a2                __retarget_lock_acquire_recursive
 .text.__retarget_lock_release_recursive
                0x080052a4        0x2 C:/ST/STM32CubeIDE_1.16.0/STM32CubeIDE/plugins/com.st.stm32cube.ide.mcu.externaltools.gnu-tools-for-stm32.12.3.rel1.win32_1.0.200.202406191623/tools/bin/../lib/gcc/arm-none-eabi/12.3.1/../../../../arm-none-eabi/lib/thumb/v8-m.main+fp/hard\libc_nano.a(libc_a-lock.o)
                0x080052a4                __retarget_lock_release_recursive
 *fill*         0x080052a6        0x2 
 .text.__register_exitproc
                0x080052a8       0xbc C:/ST/STM32CubeIDE_1.16.0/STM32CubeIDE/plugins/com.st.stm32cube.ide.mcu.externaltools.gnu-tools-for-stm32.12.3.rel1.win32_1.0.200.202406191623/tools/bin/../lib/gcc/arm-none-eabi/12.3.1/../../../../arm-none-eabi/lib/thumb/v8-m.main+fp/hard\libc_nano.a(libc_a-__atexit.o)
                0x080052a8                __register_exitproc
 .text.abort    0x08005364        0xe C:/ST/STM32CubeIDE_1.16.0/STM32CubeIDE/plugins/com.st.stm32cube.ide.mcu.externaltools.gnu-tools-for-stm32.12.3.rel1.win32_1.0.200.202406191623/tools/bin/../lib/gcc/arm-none-eabi/12.3.1/../../../../arm-none-eabi/lib/thumb/v8-m.main+fp/hard\libc_nano.a(libc_a-abort.o)
                0x08005364                abort
 *fill*         0x08005372        0x2 
 .text._free_r  0x08005374       0x94 C:/ST/STM32CubeIDE_1.16.0/STM32CubeIDE/plugins/com.st.stm32cube.ide.mcu.externaltools.gnu-tools-for-stm32.12.3.rel1.win32_1.0.200.202406191623/tools/bin/../lib/gcc/arm-none-eabi/12.3.1/../../../../arm-none-eabi/lib/thumb/v8-m.main+fp/hard\libc_nano.a(libc_a-freer.o)
                0x08005374                _free_r
 .text.__sfputc_r
                0x08005408       0x2e C:/ST/STM32CubeIDE_1.16.0/STM32CubeIDE/plugins/com.st.stm32cube.ide.mcu.externaltools.gnu-tools-for-stm32.12.3.rel1.win32_1.0.200.202406191623/tools/bin/../lib/gcc/arm-none-eabi/12.3.1/../../../../arm-none-eabi/lib/thumb/v8-m.main+fp/hard\libc_nano.a(libc_a-nano-vfprintf.o)
 .text.__sfputs_r