../Drivers/BSP/z_displ_ILI9XXX.c:52:6:Displ_Select	8	static
../Drivers/BSP/z_displ_ILI9XXX.c:72:6:Displ_Transmit	32	static,ignoring_inline_asm
../Drivers/BSP/z_displ_ILI9XXX.c:142:6:Displ_WriteCommand	16	static
../Drivers/BSP/z_displ_ILI9XXX.c:150:6:Dislp_WriteData_Single	16	static
../Drivers/BSP/z_displ_ILI9XXX.c:163:6:Displ_WriteData	24	static
../Drivers/BSP/z_displ_ILI9XXX.c:169:6:ILI9XXX_Enable	8	static
../Drivers/BSP/z_displ_ILI9XXX.c:172:6:ILI9XXX_SPI_Init	8	static
../Drivers/BSP/z_displ_ILI9XXX.c:175:6:ILI9XXX_Reset	8	static
../Drivers/BSP/z_displ_ILI9XXX.c:185:6:ILI9XXX_Init	8	static
../Drivers/BSP/z_displ_ILI9XXX.c:409:6:Displ_SetAddressWindow	24	static
../Drivers/BSP/z_displ_ILI9XXX.c:428:6:Displ_Init	16	static
../Drivers/BSP/z_displ_ILI9XXX.c:445:6:ILI9XXX_Set_Rotation	24	static
../Drivers/BSP/z_displ_ILI9XXX.c:486:6:Displ_Orientation	24	static
../Drivers/BSP/z_displ_ILI9XXX.c:516:6:HAL_SPI_ErrorCallback	16	static
../Drivers/BSP/z_displ_ILI9XXX.c:522:6:HAL_SPI_TxCpltCallback	16	static
../Drivers/BSP/z_displ_ILI9XXX.c:538:6:Displ_FillArea	56	static
../Drivers/BSP/z_displ_ILI9XXX.c:1206:10:Displ_BackLight	16	static,ignoring_inline_asm
../Drivers/BSP/z_displ_ILI9XXX.c:1276:5:touchgfxDisplayDriverTransmitActive	4	static
../Drivers/BSP/z_displ_ILI9XXX.c:1286:6:touchgfxDisplayDriverTransmitBlock	32	static
