../Core/Src/z_displ_ILI9XXX.c:52:6:Displ_Select	0	static
../Core/Src/z_displ_ILI9XXX.c:71:6:Displ_Transmit	24	static,ignoring_inline_asm
../Core/Src/z_displ_ILI9XXX.c:133:6:Displ_WriteCommand	16	static
../Core/Src/z_displ_ILI9XXX.c:141:6:Dislp_WriteData_Single	16	static
../Core/Src/z_displ_ILI9XXX.c:154:6:Displ_WriteData	0	static
../Core/Src/z_displ_ILI9XXX.c:160:6:ILI9XXX_Enable	0	static
../Core/Src/z_displ_ILI9XXX.c:163:6:ILI9XXX_SPI_Init	0	static
../Core/Src/z_displ_ILI9XXX.c:166:6:ILI9XXX_Reset	8	static
../Core/Src/z_displ_ILI9XXX.c:176:6:ILI9XXX_Init	8	static
../Core/Src/z_displ_ILI9XXX.c:397:6:Displ_SetAddressWindow	16	static
../Core/Src/z_displ_ILI9XXX.c:432:6:ILI9XXX_Set_Rotation	8	static
../Core/Src/z_displ_ILI9XXX.c:474:6:Displ_Orientation	16	static
../Core/Src/z_displ_ILI9XXX.c:416:6:Displ_Init	8	static
../Core/Src/z_displ_ILI9XXX.c:504:6:HAL_SPI_ErrorCallback	0	static
../Core/Src/z_displ_ILI9XXX.c:510:6:HAL_SPI_TxCpltCallback	8	static
../Core/Src/z_displ_ILI9XXX.c:526:6:Displ_FillArea	24	static
../Core/Src/z_displ_ILI9XXX.c:1194:10:Displ_BackLight	8	static,ignoring_inline_asm
../Core/Src/z_displ_ILI9XXX.c:1263:5:touchgfxDisplayDriverTransmitActive	0	static
../Core/Src/z_displ_ILI9XXX.c:1273:6:touchgfxDisplayDriverTransmitBlock	16	static
../Core/Src/z_displ_ILI9XXX.c:1292:6:HAL_TIM_PeriodElapsedCallback	0	static
